###############################################################################
#
# IAR ELF Linker V8.11.3.13950/W32 for ARM                05/Jun/2025  10:13:03
# Copyright 2007-2017 IAR Systems AB.
#
#    Output file  =  
#        C:\TSEVEENEE\4combine\combine\20250605\EWARM\Combine\Exe\Combine.out
#    Map file     =  
#        C:\TSEVEENEE\4combine\combine\20250605\EWARM\Combine\List\Combine.map
#    Command line =  
#        -f C:\Users\DHKim\AppData\Local\Temp\EW6286.tmp
#        (C:\TSEVEENEE\4combine\combine\20250605\EWARM\Combine\Obj\adc.o
#        C:\TSEVEENEE\4combine\combine\20250605\EWARM\Combine\Obj\AT93C56.o
#        C:\TSEVEENEE\4combine\combine\20250605\EWARM\Combine\Obj\button.o
#        C:\TSEVEENEE\4combine\combine\20250605\EWARM\Combine\Obj\can.o
#        C:\TSEVEENEE\4combine\combine\20250605\EWARM\Combine\Obj\dwt_stm32_delay.o
#        C:\TSEVEENEE\4combine\combine\20250605\EWARM\Combine\Obj\i2c.o
#        C:\TSEVEENEE\4combine\combine\20250605\EWARM\Combine\Obj\input.o
#        C:\TSEVEENEE\4combine\combine\20250605\EWARM\Combine\Obj\J1939.o
#        C:\TSEVEENEE\4combine\combine\20250605\EWARM\Combine\Obj\layoutData.o
#        C:\TSEVEENEE\4combine\combine\20250605\EWARM\Combine\Obj\main.o
#        C:\TSEVEENEE\4combine\combine\20250605\EWARM\Combine\Obj\output.o
#        C:\TSEVEENEE\4combine\combine\20250605\EWARM\Combine\Obj\pcode.o
#        C:\TSEVEENEE\4combine\combine\20250605\EWARM\Combine\Obj\RPM.o
#        C:\TSEVEENEE\4combine\combine\20250605\EWARM\Combine\Obj\sequenceData.o
#        C:\TSEVEENEE\4combine\combine\20250605\EWARM\Combine\Obj\sound.o
#        C:\TSEVEENEE\4combine\combine\20250605\EWARM\Combine\Obj\soundData.o
#        C:\TSEVEENEE\4combine\combine\20250605\EWARM\Combine\Obj\spi.o
#        C:\TSEVEENEE\4combine\combine\20250605\EWARM\Combine\Obj\startup_stm32f407xx.o
#        C:\TSEVEENEE\4combine\combine\20250605\EWARM\Combine\Obj\stm32f4xx_hal.o
#        C:\TSEVEENEE\4combine\combine\20250605\EWARM\Combine\Obj\stm32f4xx_hal_adc.o
#        C:\TSEVEENEE\4combine\combine\20250605\EWARM\Combine\Obj\stm32f4xx_hal_adc_ex.o
#        C:\TSEVEENEE\4combine\combine\20250605\EWARM\Combine\Obj\stm32f4xx_hal_can.o
#        C:\TSEVEENEE\4combine\combine\20250605\EWARM\Combine\Obj\stm32f4xx_hal_cortex.o
#        C:\TSEVEENEE\4combine\combine\20250605\EWARM\Combine\Obj\stm32f4xx_hal_dma.o
#        C:\TSEVEENEE\4combine\combine\20250605\EWARM\Combine\Obj\stm32f4xx_hal_dma_ex.o
#        C:\TSEVEENEE\4combine\combine\20250605\EWARM\Combine\Obj\stm32f4xx_hal_exti.o
#        C:\TSEVEENEE\4combine\combine\20250605\EWARM\Combine\Obj\stm32f4xx_hal_flash.o
#        C:\TSEVEENEE\4combine\combine\20250605\EWARM\Combine\Obj\stm32f4xx_hal_flash_ex.o
#        C:\TSEVEENEE\4combine\combine\20250605\EWARM\Combine\Obj\stm32f4xx_hal_flash_ramfunc.o
#        C:\TSEVEENEE\4combine\combine\20250605\EWARM\Combine\Obj\stm32f4xx_hal_gpio.o
#        C:\TSEVEENEE\4combine\combine\20250605\EWARM\Combine\Obj\stm32f4xx_hal_i2c.o
#        C:\TSEVEENEE\4combine\combine\20250605\EWARM\Combine\Obj\stm32f4xx_hal_i2c_ex.o
#        C:\TSEVEENEE\4combine\combine\20250605\EWARM\Combine\Obj\stm32f4xx_hal_pwr.o
#        C:\TSEVEENEE\4combine\combine\20250605\EWARM\Combine\Obj\stm32f4xx_hal_pwr_ex.o
#        C:\TSEVEENEE\4combine\combine\20250605\EWARM\Combine\Obj\stm32f4xx_hal_rcc.o
#        C:\TSEVEENEE\4combine\combine\20250605\EWARM\Combine\Obj\stm32f4xx_hal_rcc_ex.o
#        C:\TSEVEENEE\4combine\combine\20250605\EWARM\Combine\Obj\stm32f4xx_hal_spi.o
#        C:\TSEVEENEE\4combine\combine\20250605\EWARM\Combine\Obj\stm32f4xx_hal_tim.o
#        C:\TSEVEENEE\4combine\combine\20250605\EWARM\Combine\Obj\stm32f4xx_hal_tim_ex.o
#        C:\TSEVEENEE\4combine\combine\20250605\EWARM\Combine\Obj\stm32f4xx_hal_uart.o
#        C:\TSEVEENEE\4combine\combine\20250605\EWARM\Combine\Obj\stm32f4xx_hal_usart.o
#        C:\TSEVEENEE\4combine\combine\20250605\EWARM\Combine\Obj\system.o
#        C:\TSEVEENEE\4combine\combine\20250605\EWARM\Combine\Obj\system_stm32f4xx.o
#        C:\TSEVEENEE\4combine\combine\20250605\EWARM\Combine\Obj\timer.o
#        C:\TSEVEENEE\4combine\combine\20250605\EWARM\Combine\Obj\tw9990.o
#        C:\TSEVEENEE\4combine\combine\20250605\EWARM\Combine\Obj\usart.o
#        C:\TSEVEENEE\4combine\combine\20250605\EWARM\Combine\Obj\watchdog.o
#        C:\TSEVEENEE\4combine\combine\20250605\EWARM\Combine\Obj\YSeq.o
#        C:\TSEVEENEE\4combine\combine\20250605\EWARM\Combine\Obj\Yvc1_HAL.o
#        C:\TSEVEENEE\4combine\combine\20250605\EWARM\Combine\Obj\Yvc1Ddrv.o
#        C:\TSEVEENEE\4combine\combine\20250605\EWARM\Combine\Obj\Yvc1Fontctrl.o
#        C:\TSEVEENEE\4combine\combine\20250605\EWARM\Combine\Obj\Yvc1Lyr.o
#        C:\TSEVEENEE\4combine\combine\20250605\EWARM\Combine\Obj\Yvc1Pmem.o
#        C:\TSEVEENEE\4combine\combine\20250605\EWARM\Combine\Obj\Yvc1Vin.o
#        C:\TSEVEENEE\4combine\combine\20250605\EWARM\Combine\Obj\Yvc1Wrp.o
#        --redirect _Printf=_PrintfFull --redirect _Scanf=_ScanfFull -o
#        C:\TSEVEENEE\4combine\combine\20250605\EWARM\Combine\Exe\Combine.out
#        --map
#        C:\TSEVEENEE\4combine\combine\20250605\EWARM\Combine\List\Combine.map
#        --config
#        C:\TSEVEENEE\4combine\combine\20250605\EWARM/stm32f407xx_flash.icf
#        --semihosting --entry __iar_program_start --vfe --text_out locale)
#
###############################################################################

*******************************************************************************
*** RUNTIME MODEL ATTRIBUTES
***

CppFlavor       = *
__SystemLibrary = DLib
__dlib_version  = 6


*******************************************************************************
*** HEAP SELECTION
***

The basic heap was selected because no calls to memory allocation
functions were found in the application outside of system library
functions, and there are calls to deallocation functions in the
application.


*******************************************************************************
*** PLACEMENT SUMMARY
***

"A0":  place at 0x08000000 { ro section .intvec };
"P1":  place in [from 0x08000000 to 0x080fffff] { ro };
define block CSTACK with size = 1K, alignment = 8 { };
define block HEAP with size = 512, alignment = 8 { };
"P2":  place in [from 0x20000000 to 0x2001ffff] {
          rw, block CSTACK, block HEAP };
initialize by copy { rw };

  Section            Kind        Address     Size  Object
  -------            ----        -------     ----  ------
"A0":                                       0x188
  .intvec            ro code  0x08000000    0x188  startup_stm32f407xx.o [1]
                            - 0x08000188    0x188

"P1":                                     0x1bb31
  .text              ro code  0x08000188   0xaea0  Yvc1_HAL.o [1]
  .text              ro code  0x0800b028    0x2c4  AT93C56.o [1]
  .text              ro code  0x0800b2ec     0x48  FltToDbl.o [4]
  .text              ro code  0x0800b334    0x1a2  DblMul.o [4]
  .text              ro code  0x0800b4d6     0x7a  lz77_init_single.o [5]
  .text              ro code  0x0800b550     0x68  DblToFlt.o [4]
  .text              ro code  0x0800b5b8    0x280  stm32f4xx_hal_gpio.o [1]
  .text              ro code  0x0800b838    0x166  main.o [1]
  .rodata            const    0x0800b99e      0x1  Yvc1Ddrv.o [1]
  .rodata            const    0x0800b99f      0x1  Yvc1Ddrv.o [1]
  .text              ro code  0x0800b9a0     0xf0  spi.o [1]
  .text              ro code  0x0800ba90    0x124  watchdog.o [1]
  .text              ro code  0x0800bbb4     0x22  S32ToDbl.o [4]
  .text              ro code  0x0800bbd6     0x16  math_wrappers64.o [4]
  .text              ro code  0x0800bbec    0x216  input.o [1]
  .rodata            const    0x0800be02      0x1  Yvc1Ddrv.o [1]
  .rodata            const    0x0800be03      0x1  Yvc1Ddrv.o [1]
  .text              ro code  0x0800be04    0x1bc  timer.o [1]
  .text              ro code  0x0800bfc0    0x81c  Yvc1Ddrv.o [1]
  .text              ro code  0x0800c7dc    0x45c  Yvc1Lyr.o [1]
  .text              ro code  0x0800cc38    0x246  DblDiv.o [4]
  .rodata            const    0x0800ce7e      0x1  Yvc1Ddrv.o [1]
  .rodata            const    0x0800ce7f      0x1  Yvc1Ddrv.o [1]
  .text              ro code  0x0800ce80     0x3a  DblToS32.o [4]
  .rodata            const    0x0800ceba      0x1  Yvc1Ddrv.o [1]
  .rodata            const    0x0800cebb      0x1  Yvc1Ddrv.o [1]
  .text              ro code  0x0800cebc    0x178  DblAdd.o [4]
  .text              ro code  0x0800d034     0x66  ABImemset.o [5]
  .rodata            const    0x0800d09a      0x1  Yvc1Ddrv.o [1]
  .rodata            const    0x0800d09b      0x1  Yvc1Ddrv.o [1]
  .text              ro code  0x0800d09c     0x86  ABImemcpy.o [5]
  .text              ro code  0x0800d122    0x40e  Yvc1Fontctrl.o [1]
  .text              ro code  0x0800d530    0x444  sound.o [1]
  .text              ro code  0x0800d974     0x6c  Yvc1Vin.o [1]
  .text              ro code  0x0800d9e0    0x300  adc.o [1]
  .text              ro code  0x0800dce0   0x306c  J1939.o [1]
  .text              ro code  0x08010d4c    0x184  RPM.o [1]
  .text              ro code  0x08010ed0    0x284  output.o [1]
  .text              ro code  0x08011154      0x6  ABImemclr4.o [5]
  .rodata            const    0x0801115a      0x1  Yvc1Ddrv.o [1]
  .rodata            const    0x0801115b      0x1  Yvc1Ddrv.o [1]
  .text              ro code  0x0801115c    0x154  stm32f4xx_hal_cortex.o [1]
  .text              ro code  0x080112b0    0x224  stm32f4xx_hal_rcc.o [1]
  .text              ro code  0x080114d4     0x70  dwt_stm32_delay.o [1]
  .text              ro code  0x08011544     0x40  stm32f4xx_hal.o [1]
  .text              ro code  0x08011584    0x1a0  system.o [1]
  .text              ro code  0x08011724    0x124  tw9990.o [1]
  .text              ro code  0x08011848     0xd4  usart.o [1]
  .text              ro code  0x0801191c     0xa8  i2c.o [1]
  .text              ro code  0x080119c4    0x650  can.o [1]
  .text              ro code  0x08012014     0x28  stm32f4xx_hal.o [1]
  .text              ro code  0x0801203c    0x7e0  stm32f4xx_hal_spi.o [1]
  .rodata            const    0x0801281c     0x64  layoutData.o [1]
  .text              ro code  0x08012880    0xb28  pow64.o [4]
  .text              ro code  0x080133a8    0x7aa  stm32f4xx_hal_tim.o [1]
  .rodata            const    0x08013b52      0x1  Yvc1Ddrv.o [1]
  .rodata            const    0x08013b53      0x1  Yvc1Ddrv.o [1]
  .text              ro code  0x08013b54    0x102  stm32f4xx_hal_tim_ex.o [1]
  .rodata            const    0x08013c56      0x1  Yvc1Lyr.o [1]
  .rodata            const    0x08013c57      0x1  Yvc1Lyr.o [1]
  .text              ro code  0x08013c58    0x256  Yvc1Pmem.o [1]
  .rodata            const    0x08013eae      0x1  Yvc1Lyr.o [1]
  .rodata            const    0x08013eaf      0x1  Yvc1Lyr.o [1]
  .text              ro code  0x08013eb0     0xe2  DblSub.o [4]
  .rodata            const    0x08013f92      0x1  Yvc1Lyr.o [1]
  .rodata            const    0x08013f93      0x1  Yvc1Lyr.o [1]
  .text              ro code  0x08013f94     0x36  strlen.o [5]
  .rodata            const    0x08013fca      0x1  Yvc1Vin.o [1]
  .text              ro code  0x08013fcc    0x582  stm32f4xx_hal_adc.o [1]
  .text              ro code  0x08014550    0x514  stm32f4xx_hal_dma.o [1]
  .text              ro code  0x08014a64     0x32  ABImemset48.o [5]
  .text              ro code  0x08014a98      0xc  stm32f4xx_hal.o [1]
  .text              ro code  0x08014aa4     0x4c  stm32f4xx_hal.o [1]
  .text              ro code  0x08014af0     0xee  I64DivMod.o [5]
  .text              ro code  0x08014be0    0x418  stm32f4xx_hal_rcc.o [1]
  .text              ro code  0x08014ff8     0x18  stm32f4xx_hal.o [1]
  .text              ro code  0x08015010    0x6a0  stm32f4xx_hal_uart.o [1]
  .text              ro code  0x080156b0    0x1f0  stm32f4xx_hal_i2c.o [1]
  .text              ro code  0x080158a0    0x69c  stm32f4xx_hal_can.o [1]
  .text              ro code  0x08015f3c     0x20  DblCmpEq.o [4]
  .text              ro code  0x08015f5c     0x70  frexp.o [4]
  .text              ro code  0x08015fcc     0x2e  DblCmpLe.o [4]
  .text              ro code  0x08015ffc     0x2e  DblCmpGe.o [4]
  .text              ro code  0x0801602c    0x418  iar_Exp64.o [4]
  .text              ro code  0x08016444      0x2  stm32f4xx_hal_tim.o [1]
  .text              ro code  0x08016446      0x2  stm32f4xx_hal_adc.o [1]
  .text              ro code  0x08016448      0x2  stm32f4xx_hal_adc.o [1]
  .text              ro code  0x0801644a      0x2  stm32f4xx_hal_adc.o [1]
  .text              ro code  0x0801644c      0x2  I64DivZer.o [5]
  .text              ro code  0x0801644e      0x2  stm32f4xx_hal_uart.o [1]
  .text              ro code  0x08016450      0x2  stm32f4xx_hal_uart.o [1]
  .text              ro code  0x08016452      0x2  stm32f4xx_hal_uart.o [1]
  .text              ro code  0x08016454      0x2  stm32f4xx_hal_can.o [1]
  .text              ro code  0x08016456      0x2  stm32f4xx_hal_can.o [1]
  .text              ro code  0x08016458      0x2  stm32f4xx_hal_can.o [1]
  .text              ro code  0x0801645a      0x2  stm32f4xx_hal_can.o [1]
  .text              ro code  0x0801645c      0x2  stm32f4xx_hal_can.o [1]
  .text              ro code  0x0801645e      0x2  stm32f4xx_hal_can.o [1]
  .text              ro code  0x08016460      0x2  stm32f4xx_hal_can.o [1]
  .text              ro code  0x08016462      0x2  stm32f4xx_hal_can.o [1]
  .text              ro code  0x08016464      0x2  stm32f4xx_hal_can.o [1]
  .text              ro code  0x08016466      0x2  stm32f4xx_hal_can.o [1]
  .text              ro code  0x08016468      0x2  stm32f4xx_hal_can.o [1]
  .text              ro code  0x0801646a      0x2  stm32f4xx_hal_can.o [1]
  .text              ro code  0x0801646c    0x13a  ldexp.o [4]
  .rodata            const    0x080165a8    0x954  layoutData.o [1]
  .rodata            const    0x08016efc    0x6c0  layoutData.o [1]
  .rodata            const    0x080175bc    0x598  pcode.o [1]
  .rodata            const    0x08017b54    0x478  pcode.o [1]
  .rodata            const    0x08017fcc    0x450  layoutData.o [1]
  .rodata            const    0x0801841c    0x420  layoutData.o [1]
  .rodata            const    0x0801883c    0x3f0  layoutData.o [1]
  .rodata            const    0x08018c2c    0x39c  layoutData.o [1]
  .rodata            const    0x08018fc8    0x384  layoutData.o [1]
  .rodata            const    0x0801934c    0x348  layoutData.o [1]
  .rodata            const    0x08019694    0x27c  layoutData.o [1]
  .rodata            const    0x08019910    0x234  layoutData.o [1]
  .rodata            const    0x08019b44    0x1e0  layoutData.o [1]
  .rodata            const    0x08019d24    0x168  layoutData.o [1]
  .rodata            const    0x08019e8c    0x15c  layoutData.o [1]
  .rodata            const    0x08019fe8    0x120  pcode.o [1]
  .rodata            const    0x0801a108    0x100  layoutData.o [1]
  .rodata            const    0x0801a208    0x100  layoutData.o [1]
  .rodata            const    0x0801a308    0x100  layoutData.o [1]
  .rodata            const    0x0801a408    0x100  layoutData.o [1]
  .rodata            const    0x0801a508    0x100  layoutData.o [1]
  .rodata            const    0x0801a608     0xe4  layoutData.o [1]
  .rodata            const    0x0801a6ec     0xc0  layoutData.o [1]
  .rodata            const    0x0801a7ac     0xa8  layoutData.o [1]
  .rodata            const    0x0801a854     0x90  layoutData.o [1]
  .rodata            const    0x0801a8e4     0x90  layoutData.o [1]
  .rodata            const    0x0801a974     0x84  layoutData.o [1]
  .rodata            const    0x0801a9f8     0x80  Yvc1_HAL.o [1]
  .rodata            const    0x0801aa78     0x80  Yvc1_HAL.o [1]
  .rodata            const    0x0801aaf8     0x78  layoutData.o [1]
  .rodata            const    0x0801ab70     0x78  layoutData.o [1]
  .rodata            const    0x0801abe8     0x78  layoutData.o [1]
  .rodata            const    0x0801ac60     0x60  layoutData.o [1]
  .rodata            const    0x0801acc0     0x58  layoutData.o [1]
  .rodata            const    0x0801ad18     0x58  layoutData.o [1]
  .rodata            const    0x0801ad70     0x48  layoutData.o [1]
  .rodata            const    0x0801adb8     0x48  layoutData.o [1]
  .text              ro code  0x0801ae00     0x40  zero_init3.o [5]
  .rodata            const    0x0801ae40     0x3c  layoutData.o [1]
  .rodata            const    0x0801ae7c     0x3c  layoutData.o [1]
  .rodata            const    0x0801aeb8     0x3c  layoutData.o [1]
  .rodata            const    0x0801aef4     0x3c  layoutData.o [1]
  .rodata            const    0x0801af30     0x38  layoutData.o [1]
  .rodata            const    0x0801af68     0x38  layoutData.o [1]
  .rodata            const    0x0801afa0     0x34  Yvc1_HAL.o [1]
  .rodata            const    0x0801afd4     0x30  layoutData.o [1]
  .rodata            const    0x0801b004     0x30  layoutData.o [1]
  .rodata            const    0x0801b034     0x30  layoutData.o [1]
  .rodata            const    0x0801b064     0x30  layoutData.o [1]
  .rodata            const    0x0801b094     0x28  layoutData.o [1]
  .rodata            const    0x0801b0bc     0x28  layoutData.o [1]
  .rodata            const    0x0801b0e4     0x28  layoutData.o [1]
  .rodata            const    0x0801b10c     0x28  layoutData.o [1]
  .rodata            const    0x0801b134     0x28  layoutData.o [1]
  .rodata            const    0x0801b15c     0x28  layoutData.o [1]
  .rodata            const    0x0801b184     0x28  layoutData.o [1]
  .rodata            const    0x0801b1ac     0x28  layoutData.o [1]
  .rodata            const    0x0801b1d4     0x28  layoutData.o [1]
  .rodata            const    0x0801b1fc     0x28  layoutData.o [1]
  .rodata            const    0x0801b224     0x28  layoutData.o [1]
  .rodata            const    0x0801b24c     0x28  layoutData.o [1]
  .rodata            const    0x0801b274     0x28  layoutData.o [1]
  .rodata            const    0x0801b29c     0x28  layoutData.o [1]
  .rodata            const    0x0801b2c4     0x28  layoutData.o [1]
  .rodata            const    0x0801b2ec     0x28  layoutData.o [1]
  .rodata            const    0x0801b314     0x28  layoutData.o [1]
  .rodata            const    0x0801b33c     0x28  layoutData.o [1]
  .rodata            const    0x0801b364     0x28  layoutData.o [1]
  .rodata            const    0x0801b38c     0x28  layoutData.o [1]
  .rodata            const    0x0801b3b4     0x28  layoutData.o [1]
  .rodata            const    0x0801b3dc     0x28  layoutData.o [1]
  .rodata            const    0x0801b404     0x28  layoutData.o [1]
  .rodata            const    0x0801b42c     0x28  layoutData.o [1]
  .rodata            const    0x0801b454     0x28  layoutData.o [1]
  .rodata            const    0x0801b47c     0x28  layoutData.o [1]
  .rodata            const    0x0801b4a4     0x28  layoutData.o [1]
  .text              ro code  0x0801b4cc     0x28  data_init.o [5]
  .text              ro code  0x0801b4f4     0x22  fpinit_M.o [4]
  .iar.init_table    const    0x0801b518     0x20  - Linker created -
  .text              ro code  0x0801b538     0x20  system_stm32f4xx.o [1]
  .text              ro code  0x0801b558     0x1a  cmain.o [5]
  .text              ro code  0x0801b572      0x4  low_level_init.o [3]
  .text              ro code  0x0801b576      0x4  exit.o [3]
  .text              ro code  0x0801b57c      0xa  cexit.o [5]
  .text              ro code  0x0801b588     0x14  exit.o [6]
  .rodata            const    0x0801b59c     0x18  layoutData.o [1]
  .rodata            const    0x0801b5b4     0x18  layoutData.o [1]
  .rodata            const    0x0801b5cc     0x18  layoutData.o [1]
  .rodata            const    0x0801b5e4     0x18  layoutData.o [1]
  .rodata            const    0x0801b5fc     0x18  layoutData.o [1]
  .rodata            const    0x0801b614     0x18  layoutData.o [1]
  .rodata            const    0x0801b62c     0x18  layoutData.o [1]
  .rodata            const    0x0801b644     0x18  layoutData.o [1]
  .rodata            const    0x0801b65c     0x18  layoutData.o [1]
  .rodata            const    0x0801b674     0x18  layoutData.o [1]
  .rodata            const    0x0801b68c     0x18  layoutData.o [1]
  .rodata            const    0x0801b6a4     0x18  layoutData.o [1]
  .rodata            const    0x0801b6bc     0x18  layoutData.o [1]
  .rodata            const    0x0801b6d4     0x18  layoutData.o [1]
  .rodata            const    0x0801b6ec     0x18  layoutData.o [1]
  .rodata            const    0x0801b704     0x18  layoutData.o [1]
  .rodata            const    0x0801b71c     0x18  layoutData.o [1]
  .rodata            const    0x0801b734     0x18  layoutData.o [1]
  .rodata            const    0x0801b74c     0x18  layoutData.o [1]
  .rodata            const    0x0801b764     0x18  layoutData.o [1]
  .rodata            const    0x0801b77c     0x18  layoutData.o [1]
  .rodata            const    0x0801b794     0x18  layoutData.o [1]
  .rodata            const    0x0801b7ac     0x18  layoutData.o [1]
  .rodata            const    0x0801b7c4     0x18  layoutData.o [1]
  .rodata            const    0x0801b7dc     0x18  layoutData.o [1]
  .rodata            const    0x0801b7f4     0x18  layoutData.o [1]
  .rodata            const    0x0801b80c     0x18  layoutData.o [1]
  .rodata            const    0x0801b824     0x18  layoutData.o [1]
  .rodata            const    0x0801b83c     0x18  layoutData.o [1]
  .rodata            const    0x0801b854     0x18  layoutData.o [1]
  .rodata            const    0x0801b86c     0x18  layoutData.o [1]
  .rodata            const    0x0801b884     0x18  layoutData.o [1]
  .rodata            const    0x0801b89c     0x18  layoutData.o [1]
  .rodata            const    0x0801b8b4     0x18  layoutData.o [1]
  .rodata            const    0x0801b8cc     0x18  layoutData.o [1]
  .rodata            const    0x0801b8e4     0x18  layoutData.o [1]
  .rodata            const    0x0801b8fc     0x10  system_stm32f4xx.o [1]
  .rodata            const    0x0801b90c     0x10  Yvc1_HAL.o [1]
  .text              ro code  0x0801b91c     0x10  startup_stm32f407xx.o [1]
  .rodata            const    0x0801b92c      0xc  Yvc1Ddrv.o [1]
  .text              ro code  0x0801b938      0xc  cstartup_M.o [5]
  .rodata            const    0x0801b944      0x8  layoutData.o [1]
  .rodata            const    0x0801b94c      0x8  layoutData.o [1]
  .rodata            const    0x0801b954      0x8  layoutData.o [1]
  .rodata            const    0x0801b95c      0x8  layoutData.o [1]
  .rodata            const    0x0801b964      0x8  layoutData.o [1]
  .rodata            const    0x0801b96c      0x8  layoutData.o [1]
  .rodata            const    0x0801b974      0x8  stm32f4xx_hal_dma.o [1]
  .rodata            const    0x0801b97c      0x8  system_stm32f4xx.o [1]
  .rodata            const    0x0801b984      0x8  timer.o [1]
  .rodata            const    0x0801b98c      0x8  Yvc1_HAL.o [1]
  .rodata            const    0x0801b994      0x8  Yvc1_HAL.o [1]
  .text              ro code  0x0801b99c      0x4  startup_stm32f407xx.o [1]
  .text              ro code  0x0801b9a0      0x4  startup_stm32f407xx.o [1]
  .text              ro code  0x0801b9a4      0x4  startup_stm32f407xx.o [1]
  .text              ro code  0x0801b9a8      0x4  startup_stm32f407xx.o [1]
  .text              ro code  0x0801b9ac      0x4  startup_stm32f407xx.o [1]
  .text              ro code  0x0801b9b0      0x4  startup_stm32f407xx.o [1]
  .text              ro code  0x0801b9b4      0x4  startup_stm32f407xx.o [1]
  .text              ro code  0x0801b9b8      0x4  startup_stm32f407xx.o [1]
  .text              ro code  0x0801b9bc      0x4  startup_stm32f407xx.o [1]
  .text              ro code  0x0801b9c0      0x4  startup_stm32f407xx.o [1]
  .text              ro code  0x0801b9c4      0x4  startup_stm32f407xx.o [1]
  .text              ro code  0x0801b9c8      0x4  startup_stm32f407xx.o [1]
  .text              ro code  0x0801b9cc      0x4  startup_stm32f407xx.o [1]
  .text              ro code  0x0801b9d0      0x4  startup_stm32f407xx.o [1]
  .text              ro code  0x0801b9d4      0x4  startup_stm32f407xx.o [1]
  .text              ro code  0x0801b9d8      0x4  startup_stm32f407xx.o [1]
  .text              ro code  0x0801b9dc      0x4  startup_stm32f407xx.o [1]
  .text              ro code  0x0801b9e0      0x4  startup_stm32f407xx.o [1]
  .text              ro code  0x0801b9e4      0x4  startup_stm32f407xx.o [1]
  .text              ro code  0x0801b9e8      0x4  startup_stm32f407xx.o [1]
  .text              ro code  0x0801b9ec      0x4  startup_stm32f407xx.o [1]
  .text              ro code  0x0801b9f0      0x4  startup_stm32f407xx.o [1]
  .text              ro code  0x0801b9f4      0x4  startup_stm32f407xx.o [1]
  .text              ro code  0x0801b9f8      0x4  startup_stm32f407xx.o [1]
  .text              ro code  0x0801b9fc      0x4  startup_stm32f407xx.o [1]
  .text              ro code  0x0801ba00      0x4  startup_stm32f407xx.o [1]
  .text              ro code  0x0801ba04      0x4  startup_stm32f407xx.o [1]
  .text              ro code  0x0801ba08      0x4  startup_stm32f407xx.o [1]
  .text              ro code  0x0801ba0c      0x4  startup_stm32f407xx.o [1]
  .text              ro code  0x0801ba10      0x4  startup_stm32f407xx.o [1]
  .text              ro code  0x0801ba14      0x4  startup_stm32f407xx.o [1]
  .text              ro code  0x0801ba18      0x4  startup_stm32f407xx.o [1]
  .text              ro code  0x0801ba1c      0x4  startup_stm32f407xx.o [1]
  .text              ro code  0x0801ba20      0x4  startup_stm32f407xx.o [1]
  .text              ro code  0x0801ba24      0x4  startup_stm32f407xx.o [1]
  .text              ro code  0x0801ba28      0x4  startup_stm32f407xx.o [1]
  .text              ro code  0x0801ba2c      0x4  startup_stm32f407xx.o [1]
  .text              ro code  0x0801ba30      0x4  startup_stm32f407xx.o [1]
  .text              ro code  0x0801ba34      0x4  startup_stm32f407xx.o [1]
  .text              ro code  0x0801ba38      0x4  startup_stm32f407xx.o [1]
  .text              ro code  0x0801ba3c      0x4  startup_stm32f407xx.o [1]
  .text              ro code  0x0801ba40      0x4  startup_stm32f407xx.o [1]
  .text              ro code  0x0801ba44      0x4  startup_stm32f407xx.o [1]
  .text              ro code  0x0801ba48      0x4  startup_stm32f407xx.o [1]
  .text              ro code  0x0801ba4c      0x4  startup_stm32f407xx.o [1]
  .text              ro code  0x0801ba50      0x4  startup_stm32f407xx.o [1]
  .text              ro code  0x0801ba54      0x4  startup_stm32f407xx.o [1]
  .text              ro code  0x0801ba58      0x4  startup_stm32f407xx.o [1]
  .text              ro code  0x0801ba5c      0x4  startup_stm32f407xx.o [1]
  .text              ro code  0x0801ba60      0x4  startup_stm32f407xx.o [1]
  .text              ro code  0x0801ba64      0x4  startup_stm32f407xx.o [1]
  .text              ro code  0x0801ba68      0x4  startup_stm32f407xx.o [1]
  .text              ro code  0x0801ba6c      0x4  startup_stm32f407xx.o [1]
  .text              ro code  0x0801ba70      0x4  startup_stm32f407xx.o [1]
  .text              ro code  0x0801ba74      0x4  startup_stm32f407xx.o [1]
  .text              ro code  0x0801ba78      0x4  startup_stm32f407xx.o [1]
  .text              ro code  0x0801ba7c      0x4  startup_stm32f407xx.o [1]
  .text              ro code  0x0801ba80      0x4  startup_stm32f407xx.o [1]
  .text              ro code  0x0801ba84      0x4  startup_stm32f407xx.o [1]
  .text              ro code  0x0801ba88      0x4  startup_stm32f407xx.o [1]
  .text              ro code  0x0801ba8c      0x4  startup_stm32f407xx.o [1]
  .text              ro code  0x0801ba90      0x4  startup_stm32f407xx.o [1]
  .text              ro code  0x0801ba94      0x4  startup_stm32f407xx.o [1]
  .text              ro code  0x0801ba98      0x4  startup_stm32f407xx.o [1]
  .text              ro code  0x0801ba9c      0x4  startup_stm32f407xx.o [1]
  .text              ro code  0x0801baa0      0x4  startup_stm32f407xx.o [1]
  .text              ro code  0x0801baa4      0x4  startup_stm32f407xx.o [1]
  .text              ro code  0x0801baa8      0x4  startup_stm32f407xx.o [1]
  .text              ro code  0x0801baac      0x4  startup_stm32f407xx.o [1]
  .text              ro code  0x0801bab0      0x4  startup_stm32f407xx.o [1]
  .text              ro code  0x0801bab4      0x4  startup_stm32f407xx.o [1]
  .text              ro code  0x0801bab8      0x4  startup_stm32f407xx.o [1]
  .text              ro code  0x0801babc      0x4  startup_stm32f407xx.o [1]
  .text              ro code  0x0801bac0      0x4  startup_stm32f407xx.o [1]
  .text              ro code  0x0801bac4      0x4  startup_stm32f407xx.o [1]
  .rodata            const    0x0801bac8      0x0  zero_init3.o [5]
  .rodata            const    0x0801bac8      0x0  lz77_init_single.o [5]
  Initializer bytes  const    0x0801bac8    0x1f1  <for P2-1>
                            - 0x0801bcb9  0x1bb31

"P2", part 1 of 3:                          0x5bc
  P2-1                        0x20000000    0x5bc  <Init block>
    .data            inited   0x20000000     0x2c  input.o [1]
    .data            inited   0x2000002c     0x18  input.o [1]
    .data            inited   0x20000044      0x4  stm32f4xx_hal.o [1]
    .data            inited   0x20000048      0x4  system_stm32f4xx.o [1]
    .data            inited   0x2000004c    0x3cc  Yvc1_HAL.o [1]
    .data            inited   0x20000418    0x150  Yvc1_HAL.o [1]
    .data            inited   0x20000568     0x50  Yvc1Pmem.o [1]
    .data            inited   0x200005b8      0x1  stm32f4xx_hal.o [1]
    .data            inited   0x200005b9      0x1  Yvc1_HAL.o [1]
    .data            inited   0x200005ba      0x1  Yvc1_HAL.o [1]
    .data            inited   0x200005bb      0x1  Yvc1_HAL.o [1]
                            - 0x200005bc    0x5bc

"P2", part 2 of 3:                         0x15c0
  .bss               zero     0x200005bc    0x7d0  adc.o [1]
  .bss               zero     0x20000d8c    0x190  Yvc1_HAL.o [1]
  .bss               zero     0x20000f1c    0x190  Yvc1_HAL.o [1]
  .bss               zero     0x200010ac    0x11c  can.o [1]
  .bss               zero     0x200011c8     0x70  can.o [1]
  .bss               zero     0x20001238     0x64  Yvc1_HAL.o [1]
  .bss               zero     0x2000129c     0x60  adc.o [1]
  .bss               zero     0x200012fc     0x58  spi.o [1]
  .bss               zero     0x20001354     0x54  i2c.o [1]
  .bss               zero     0x200013a8     0x50  J1939.o [1]
  .bss               zero     0x200013f8     0x50  J1939.o [1]
  .bss               zero     0x20001448     0x48  adc.o [1]
  .bss               zero     0x20001490     0x48  can.o [1]
  .bss               zero     0x200014d8     0x48  timer.o [1]
  .bss               zero     0x20001520     0x44  usart.o [1]
  .bss               zero     0x20001564     0x28  can.o [1]
  .bss               zero     0x2000158c     0x28  can.o [1]
  .bss               zero     0x200015b4     0x28  can.o [1]
  .bss               zero     0x200015dc     0x1c  can.o [1]
  .bss               zero     0x200015f8     0x1c  can.o [1]
  .bss               zero     0x20001614     0x18  can.o [1]
  .bss               zero     0x2000162c     0x18  input.o [1]
  .bss               zero     0x20001644     0x14  adc.o [1]
  .bss               zero     0x20001658     0x14  can.o [1]
  .bss               zero     0x2000166c     0x14  J1939.o [1]
  .bss               zero     0x20001680     0x14  J1939.o [1]
  .bss               zero     0x20001694     0x14  J1939.o [1]
  .bss               zero     0x200016a8     0x14  J1939.o [1]
  .bss               zero     0x200016bc     0x14  J1939.o [1]
  .bss               zero     0x200016d0     0x14  J1939.o [1]
  .bss               zero     0x200016e4     0x14  sound.o [1]
  .bss               zero     0x200016f8     0x14  sound.o [1]
  .bss               zero     0x2000170c     0x14  sound.o [1]
  .bss               zero     0x20001720     0x10  can.o [1]
  .bss               zero     0x20001730     0x10  can.o [1]
  .bss               zero     0x20001740      0xc  adc.o [1]
  .bss               zero     0x2000174c      0xc  can.o [1]
  .bss               zero     0x20001758      0xc  input.o [1]
  .bss               zero     0x20001764      0xc  Yvc1_HAL.o [1]
  .bss               zero     0x20001770      0x8  can.o [1]
  .bss               zero     0x20001778      0x8  can.o [1]
  .bss               zero     0x20001780      0x8  can.o [1]
  .bss               zero     0x20001788      0x8  can.o [1]
  .bss               zero     0x20001790      0x8  can.o [1]
  .bss               zero     0x20001798      0x8  can.o [1]
  .bss               zero     0x200017a0      0x8  can.o [1]
  .bss               zero     0x200017a8      0x8  can.o [1]
  .bss               zero     0x200017b0      0x8  can.o [1]
  .bss               zero     0x200017b8      0x8  can.o [1]
  .bss               zero     0x200017c0      0x8  can.o [1]
  .bss               zero     0x200017c8      0x8  can.o [1]
  .bss               zero     0x200017d0      0x8  can.o [1]
  .bss               zero     0x200017d8      0x8  can.o [1]
  .bss               zero     0x200017e0      0x8  can.o [1]
  .bss               zero     0x200017e8      0x8  can.o [1]
  .bss               zero     0x200017f0      0x8  can.o [1]
  .bss               zero     0x200017f8      0x8  can.o [1]
  .bss               zero     0x20001800      0x8  can.o [1]
  .bss               zero     0x20001808      0x8  J1939.o [1]
  .bss               zero     0x20001810      0x8  J1939.o [1]
  .bss               zero     0x20001818      0x8  J1939.o [1]
  .bss               zero     0x20001820      0x8  Yvc1_HAL.o [1]
  .bss               zero     0x20001828      0x8  Yvc1_HAL.o [1]
  .bss               zero     0x20001830      0x4  can.o [1]
  .bss               zero     0x20001834      0x4  can.o [1]
  .bss               zero     0x20001838      0x4  can.o [1]
  .bss               zero     0x2000183c      0x4  input.o [1]
  .bss               zero     0x20001840      0x4  J1939.o [1]
  .bss               zero     0x20001844      0x4  J1939.o [1]
  .bss               zero     0x20001848      0x4  J1939.o [1]
  .bss               zero     0x2000184c      0x4  J1939.o [1]
  .bss               zero     0x20001850      0x4  J1939.o [1]
  .bss               zero     0x20001854      0x4  J1939.o [1]
  .bss               zero     0x20001858      0x4  J1939.o [1]
  .bss               zero     0x2000185c      0x4  J1939.o [1]
  .bss               zero     0x20001860      0x4  J1939.o [1]
  .bss               zero     0x20001864      0x4  J1939.o [1]
  .bss               zero     0x20001868      0x4  main.o [1]
  .bss               zero     0x2000186c      0x4  main.o [1]
  .bss               zero     0x20001870      0x4  main.o [1]
  .bss               zero     0x20001874      0x4  output.o [1]
  .bss               zero     0x20001878      0x4  RPM.o [1]
  .bss               zero     0x2000187c      0x4  RPM.o [1]
  .bss               zero     0x20001880      0x4  RPM.o [1]
  .bss               zero     0x20001884      0x4  RPM.o [1]
  .bss               zero     0x20001888      0x4  RPM.o [1]
  .bss               zero     0x2000188c      0x4  RPM.o [1]
  .bss               zero     0x20001890      0x4  stm32f4xx_hal.o [1]
  .bss               zero     0x20001894      0x4  Yvc1_HAL.o [1]
  .bss               zero     0x20001898      0x4  Yvc1_HAL.o [1]
  .bss               zero     0x2000189c      0x4  Yvc1_HAL.o [1]
  .bss               zero     0x200018a0      0x4  Yvc1_HAL.o [1]
  .bss               zero     0x200018a4      0x4  Yvc1_HAL.o [1]
  .bss               zero     0x200018a8      0x4  Yvc1_HAL.o [1]
  .bss               zero     0x200018ac      0x4  Yvc1_HAL.o [1]
  .bss               zero     0x200018b0      0x4  Yvc1_HAL.o [1]
  .bss               zero     0x200018b4      0x4  Yvc1_HAL.o [1]
  .bss               zero     0x200018b8      0x4  Yvc1_HAL.o [1]
  .bss               zero     0x200018bc      0x4  Yvc1_HAL.o [1]
  .bss               zero     0x200018c0      0x4  Yvc1_HAL.o [1]
  .bss               zero     0x200018c4      0x4  Yvc1_HAL.o [1]
  .bss               zero     0x200018c8      0x4  Yvc1_HAL.o [1]
  .bss               zero     0x200018cc      0x4  Yvc1_HAL.o [1]
  .bss               zero     0x200018d0      0x4  Yvc1_HAL.o [1]
  .bss               zero     0x200018d4      0x2  adc.o [1]
  .bss               zero     0x200018d6      0x2  can.o [1]
  .bss               zero     0x200018d8      0x2  can.o [1]
  .bss               zero     0x200018da      0x2  can.o [1]
  .bss               zero     0x200018dc      0x2  can.o [1]
  .bss               zero     0x200018de      0x2  can.o [1]
  .bss               zero     0x200018e0      0x2  can.o [1]
  .bss               zero     0x200018e2      0x2  can.o [1]
  .bss               zero     0x200018e4      0x2  can.o [1]
  .bss               zero     0x200018e6      0x2  can.o [1]
  .bss               zero     0x200018e8      0x2  can.o [1]
  .bss               zero     0x200018ea      0x2  can.o [1]
  .bss               zero     0x200018ec      0x2  can.o [1]
  .bss               zero     0x200018ee      0x2  can.o [1]
  .bss               zero     0x200018f0      0x2  can.o [1]
  .bss               zero     0x200018f2      0x2  can.o [1]
  .bss               zero     0x200018f4      0x2  can.o [1]
  .bss               zero     0x200018f6      0x2  can.o [1]
  .bss               zero     0x200018f8      0x2  can.o [1]
  .bss               zero     0x200018fa      0x2  can.o [1]
  .bss               zero     0x200018fc      0x2  can.o [1]
  .bss               zero     0x200018fe      0x2  can.o [1]
  .bss               zero     0x20001900      0x2  can.o [1]
  .bss               zero     0x20001902      0x2  can.o [1]
  .bss               zero     0x20001904      0x2  can.o [1]
  .bss               zero     0x20001906      0x2  can.o [1]
  .bss               zero     0x20001908      0x2  can.o [1]
  .bss               zero     0x2000190a      0x2  can.o [1]
  .bss               zero     0x2000190c      0x2  can.o [1]
  .bss               zero     0x2000190e      0x2  can.o [1]
  .bss               zero     0x20001910      0x2  can.o [1]
  .bss               zero     0x20001912      0x2  can.o [1]
  .bss               zero     0x20001914      0x2  J1939.o [1]
  .bss               zero     0x20001916      0x2  J1939.o [1]
  .bss               zero     0x20001918      0x2  J1939.o [1]
  .bss               zero     0x2000191a      0x2  J1939.o [1]
  .bss               zero     0x2000191c      0x2  J1939.o [1]
  .bss               zero     0x2000191e      0x2  J1939.o [1]
  .bss               zero     0x20001920      0x2  J1939.o [1]
  .bss               zero     0x20001922      0x2  J1939.o [1]
  .bss               zero     0x20001924      0x2  J1939.o [1]
  .bss               zero     0x20001926      0x2  J1939.o [1]
  .bss               zero     0x20001928      0x2  J1939.o [1]
  .bss               zero     0x2000192a      0x2  J1939.o [1]
  .bss               zero     0x2000192c      0x2  J1939.o [1]
  .bss               zero     0x2000192e      0x2  J1939.o [1]
  .bss               zero     0x20001930      0x2  J1939.o [1]
  .bss               zero     0x20001932      0x2  J1939.o [1]
  .bss               zero     0x20001934      0x2  J1939.o [1]
  .bss               zero     0x20001936      0x2  J1939.o [1]
  .bss               zero     0x20001938      0x2  J1939.o [1]
  .bss               zero     0x2000193a      0x2  J1939.o [1]
  .bss               zero     0x2000193c      0x2  J1939.o [1]
  .bss               zero     0x2000193e      0x2  J1939.o [1]
  .bss               zero     0x20001940      0x2  J1939.o [1]
  .bss               zero     0x20001942      0x2  J1939.o [1]
  .bss               zero     0x20001944      0x2  J1939.o [1]
  .bss               zero     0x20001946      0x2  J1939.o [1]
  .bss               zero     0x20001948      0x2  J1939.o [1]
  .bss               zero     0x2000194a      0x2  J1939.o [1]
  .bss               zero     0x2000194c      0x2  J1939.o [1]
  .bss               zero     0x2000194e      0x2  J1939.o [1]
  .bss               zero     0x20001950      0x2  J1939.o [1]
  .bss               zero     0x20001952      0x2  J1939.o [1]
  .bss               zero     0x20001954      0x2  J1939.o [1]
  .bss               zero     0x20001956      0x2  J1939.o [1]
  .bss               zero     0x20001958      0x2  J1939.o [1]
  .bss               zero     0x2000195a      0x2  J1939.o [1]
  .bss               zero     0x2000195c      0x2  J1939.o [1]
  .bss               zero     0x2000195e      0x2  J1939.o [1]
  .bss               zero     0x20001960      0x2  J1939.o [1]
  .bss               zero     0x20001962      0x2  J1939.o [1]
  .bss               zero     0x20001964      0x2  J1939.o [1]
  .bss               zero     0x20001966      0x2  J1939.o [1]
  .bss               zero     0x20001968      0x2  J1939.o [1]
  .bss               zero     0x2000196a      0x2  J1939.o [1]
  .bss               zero     0x2000196c      0x2  J1939.o [1]
  .bss               zero     0x2000196e      0x2  J1939.o [1]
  .bss               zero     0x20001970      0x2  J1939.o [1]
  .bss               zero     0x20001972      0x2  J1939.o [1]
  .bss               zero     0x20001974      0x2  J1939.o [1]
  .bss               zero     0x20001976      0x2  J1939.o [1]
  .bss               zero     0x20001978      0x2  J1939.o [1]
  .bss               zero     0x2000197a      0x2  J1939.o [1]
  .bss               zero     0x2000197c      0x2  J1939.o [1]
  .bss               zero     0x2000197e      0x2  J1939.o [1]
  .bss               zero     0x20001980      0x2  J1939.o [1]
  .bss               zero     0x20001982      0x2  J1939.o [1]
  .bss               zero     0x20001984      0x2  J1939.o [1]
  .bss               zero     0x20001986      0x2  J1939.o [1]
  .bss               zero     0x20001988      0x2  J1939.o [1]
  .bss               zero     0x2000198a      0x2  J1939.o [1]
  .bss               zero     0x2000198c      0x2  J1939.o [1]
  .bss               zero     0x2000198e      0x2  J1939.o [1]
  .bss               zero     0x20001990      0x2  J1939.o [1]
  .bss               zero     0x20001992      0x2  J1939.o [1]
  .bss               zero     0x20001994      0x2  J1939.o [1]
  .bss               zero     0x20001996      0x2  J1939.o [1]
  .bss               zero     0x20001998      0x2  J1939.o [1]
  .bss               zero     0x2000199a      0x2  J1939.o [1]
  .bss               zero     0x2000199c      0x2  J1939.o [1]
  .bss               zero     0x2000199e      0x2  J1939.o [1]
  .bss               zero     0x200019a0      0x2  J1939.o [1]
  .bss               zero     0x200019a2      0x2  J1939.o [1]
  .bss               zero     0x200019a4      0x2  J1939.o [1]
  .bss               zero     0x200019a6      0x2  J1939.o [1]
  .bss               zero     0x200019a8      0x2  J1939.o [1]
  .bss               zero     0x200019aa      0x2  J1939.o [1]
  .bss               zero     0x200019ac      0x2  J1939.o [1]
  .bss               zero     0x200019ae      0x2  J1939.o [1]
  .bss               zero     0x200019b0      0x2  J1939.o [1]
  .bss               zero     0x200019b2      0x2  J1939.o [1]
  .bss               zero     0x200019b4      0x2  J1939.o [1]
  .bss               zero     0x200019b6      0x2  J1939.o [1]
  .bss               zero     0x200019b8      0x2  J1939.o [1]
  .bss               zero     0x200019ba      0x2  J1939.o [1]
  .bss               zero     0x200019bc      0x2  J1939.o [1]
  .bss               zero     0x200019be      0x2  J1939.o [1]
  .bss               zero     0x200019c0      0x2  J1939.o [1]
  .bss               zero     0x200019c2      0x2  J1939.o [1]
  .bss               zero     0x200019c4      0x2  J1939.o [1]
  .bss               zero     0x200019c6      0x2  J1939.o [1]
  .bss               zero     0x200019c8      0x2  J1939.o [1]
  .bss               zero     0x200019ca      0x2  J1939.o [1]
  .bss               zero     0x200019cc      0x2  J1939.o [1]
  .bss               zero     0x200019ce      0x2  J1939.o [1]
  .bss               zero     0x200019d0      0x2  J1939.o [1]
  .bss               zero     0x200019d2      0x2  J1939.o [1]
  .bss               zero     0x200019d4      0x2  J1939.o [1]
  .bss               zero     0x200019d6      0x2  J1939.o [1]
  .bss               zero     0x200019d8      0x2  J1939.o [1]
  .bss               zero     0x200019da      0x2  J1939.o [1]
  .bss               zero     0x200019dc      0x2  J1939.o [1]
  .bss               zero     0x200019de      0x2  J1939.o [1]
  .bss               zero     0x200019e0      0x2  J1939.o [1]
  .bss               zero     0x200019e2      0x2  J1939.o [1]
  .bss               zero     0x200019e4      0x2  J1939.o [1]
  .bss               zero     0x200019e6      0x2  J1939.o [1]
  .bss               zero     0x200019e8      0x2  J1939.o [1]
  .bss               zero     0x200019ea      0x2  J1939.o [1]
  .bss               zero     0x200019ec      0x2  J1939.o [1]
  .bss               zero     0x200019ee      0x2  RPM.o [1]
  .bss               zero     0x200019f0      0x2  Yvc1_HAL.o [1]
  .bss               zero     0x200019f2      0x2  Yvc1_HAL.o [1]
  .bss               zero     0x200019f4      0x2  Yvc1_HAL.o [1]
  .bss               zero     0x200019f6      0x2  Yvc1_HAL.o [1]
  .bss               zero     0x200019f8      0x2  Yvc1_HAL.o [1]
  .bss               zero     0x200019fa      0x2  Yvc1_HAL.o [1]
  .bss               zero     0x200019fc      0x2  Yvc1_HAL.o [1]
  .bss               zero     0x200019fe      0x2  Yvc1_HAL.o [1]
  .bss               zero     0x20001a00      0x2  Yvc1_HAL.o [1]
  .bss               zero     0x20001a02      0x2  Yvc1_HAL.o [1]
  .bss               zero     0x20001a04      0x2  Yvc1_HAL.o [1]
  .bss               zero     0x20001a06      0x2  Yvc1_HAL.o [1]
  .bss               zero     0x20001a08      0x2  Yvc1_HAL.o [1]
  .bss               zero     0x20001a0a      0x2  Yvc1_HAL.o [1]
  .bss               zero     0x20001a0c      0x2  Yvc1_HAL.o [1]
  .bss               zero     0x20001a0e      0x2  Yvc1_HAL.o [1]
  .bss               zero     0x20001a10      0x2  Yvc1_HAL.o [1]
  .bss               zero     0x20001a12      0x2  Yvc1_HAL.o [1]
  .bss               zero     0x20001a14      0x2  Yvc1_HAL.o [1]
  .bss               zero     0x20001a16      0x2  Yvc1_HAL.o [1]
  .bss               zero     0x20001a18      0x2  Yvc1_HAL.o [1]
  .bss               zero     0x20001a1a      0x2  Yvc1_HAL.o [1]
  .bss               zero     0x20001a1c      0x2  Yvc1_HAL.o [1]
  .bss               zero     0x20001a1e      0x2  Yvc1_HAL.o [1]
  .bss               zero     0x20001a20      0x2  Yvc1_HAL.o [1]
  .bss               zero     0x20001a22      0x2  Yvc1_HAL.o [1]
  .bss               zero     0x20001a24      0x2  Yvc1_HAL.o [1]
  .bss               zero     0x20001a26      0x2  Yvc1_HAL.o [1]
  .bss               zero     0x20001a28      0x2  Yvc1_HAL.o [1]
  .bss               zero     0x20001a2a      0x2  Yvc1_HAL.o [1]
  .bss               zero     0x20001a2c      0x2  Yvc1_HAL.o [1]
  .bss               zero     0x20001a2e      0x2  Yvc1_HAL.o [1]
  .bss               zero     0x20001a30      0x2  Yvc1_HAL.o [1]
  .bss               zero     0x20001a32      0x2  Yvc1_HAL.o [1]
  .bss               zero     0x20001a34      0x2  Yvc1_HAL.o [1]
  .bss               zero     0x20001a36      0x2  Yvc1_HAL.o [1]
  .bss               zero     0x20001a38      0x2  Yvc1_HAL.o [1]
  .bss               zero     0x20001a3a      0x2  Yvc1_HAL.o [1]
  .bss               zero     0x20001a3c      0x2  Yvc1_HAL.o [1]
  .bss               zero     0x20001a3e      0x2  Yvc1_HAL.o [1]
  .bss               zero     0x20001a40      0x2  Yvc1_HAL.o [1]
  .bss               zero     0x20001a42      0x2  Yvc1_HAL.o [1]
  .bss               zero     0x20001a44      0x2  Yvc1_HAL.o [1]
  .bss               zero     0x20001a46      0x2  Yvc1_HAL.o [1]
  .bss               zero     0x20001a48      0x2  Yvc1_HAL.o [1]
  .bss               zero     0x20001a4a      0x2  Yvc1_HAL.o [1]
  .bss               zero     0x20001a4c      0x2  Yvc1_HAL.o [1]
  .bss               zero     0x20001a4e      0x2  Yvc1_HAL.o [1]
  .bss               zero     0x20001a50      0x2  Yvc1_HAL.o [1]
  .bss               zero     0x20001a52      0x2  Yvc1_HAL.o [1]
  .bss               zero     0x20001a54      0x2  Yvc1_HAL.o [1]
  .bss               zero     0x20001a56      0x2  Yvc1_HAL.o [1]
  .bss               zero     0x20001a58      0x2  Yvc1_HAL.o [1]
  .bss               zero     0x20001a5a      0x2  Yvc1_HAL.o [1]
  .bss               zero     0x20001a5c      0x2  Yvc1_HAL.o [1]
  .bss               zero     0x20001a5e      0x2  Yvc1_HAL.o [1]
  .bss               zero     0x20001a60      0x2  Yvc1_HAL.o [1]
  .bss               zero     0x20001a62      0x2  Yvc1_HAL.o [1]
  .bss               zero     0x20001a64      0x2  Yvc1_HAL.o [1]
  .bss               zero     0x20001a66      0x2  Yvc1_HAL.o [1]
  .bss               zero     0x20001a68      0x2  Yvc1_HAL.o [1]
  .bss               zero     0x20001a6a      0x2  Yvc1_HAL.o [1]
  .bss               zero     0x20001a6c      0x1  adc.o [1]
  .bss               zero     0x20001a6d      0x1  can.o [1]
  .bss               zero     0x20001a6e      0x1  can.o [1]
  .bss               zero     0x20001a6f      0x1  can.o [1]
  .bss               zero     0x20001a70      0x1  can.o [1]
  .bss               zero     0x20001a71      0x1  can.o [1]
  .bss               zero     0x20001a72      0x1  can.o [1]
  .bss               zero     0x20001a73      0x1  can.o [1]
  .bss               zero     0x20001a74      0x1  can.o [1]
  .bss               zero     0x20001a75      0x1  can.o [1]
  .bss               zero     0x20001a76      0x1  can.o [1]
  .bss               zero     0x20001a77      0x1  can.o [1]
  .bss               zero     0x20001a78      0x1  can.o [1]
  .bss               zero     0x20001a79      0x1  dwt_stm32_delay.o [1]
  .bss               zero     0x20001a7a      0x1  J1939.o [1]
  .bss               zero     0x20001a7b      0x1  J1939.o [1]
  .bss               zero     0x20001a7c      0x1  J1939.o [1]
  .bss               zero     0x20001a7d      0x1  J1939.o [1]
  .bss               zero     0x20001a7e      0x1  J1939.o [1]
  .bss               zero     0x20001a7f      0x1  J1939.o [1]
  .bss               zero     0x20001a80      0x1  J1939.o [1]
  .bss               zero     0x20001a81      0x1  J1939.o [1]
  .bss               zero     0x20001a82      0x1  J1939.o [1]
  .bss               zero     0x20001a83      0x1  J1939.o [1]
  .bss               zero     0x20001a84      0x1  J1939.o [1]
  .bss               zero     0x20001a85      0x1  J1939.o [1]
  .bss               zero     0x20001a86      0x1  J1939.o [1]
  .bss               zero     0x20001a87      0x1  J1939.o [1]
  .bss               zero     0x20001a88      0x1  J1939.o [1]
  .bss               zero     0x20001a89      0x1  J1939.o [1]
  .bss               zero     0x20001a8a      0x1  J1939.o [1]
  .bss               zero     0x20001a8b      0x1  J1939.o [1]
  .bss               zero     0x20001a8c      0x1  J1939.o [1]
  .bss               zero     0x20001a8d      0x1  J1939.o [1]
  .bss               zero     0x20001a8e      0x1  J1939.o [1]
  .bss               zero     0x20001a8f      0x1  J1939.o [1]
  .bss               zero     0x20001a90      0x1  J1939.o [1]
  .bss               zero     0x20001a91      0x1  J1939.o [1]
  .bss               zero     0x20001a92      0x1  J1939.o [1]
  .bss               zero     0x20001a93      0x1  J1939.o [1]
  .bss               zero     0x20001a94      0x1  J1939.o [1]
  .bss               zero     0x20001a95      0x1  J1939.o [1]
  .bss               zero     0x20001a96      0x1  J1939.o [1]
  .bss               zero     0x20001a97      0x1  J1939.o [1]
  .bss               zero     0x20001a98      0x1  J1939.o [1]
  .bss               zero     0x20001a99      0x1  J1939.o [1]
  .bss               zero     0x20001a9a      0x1  J1939.o [1]
  .bss               zero     0x20001a9b      0x1  J1939.o [1]
  .bss               zero     0x20001a9c      0x1  J1939.o [1]
  .bss               zero     0x20001a9d      0x1  J1939.o [1]
  .bss               zero     0x20001a9e      0x1  J1939.o [1]
  .bss               zero     0x20001a9f      0x1  J1939.o [1]
  .bss               zero     0x20001aa0      0x1  J1939.o [1]
  .bss               zero     0x20001aa1      0x1  J1939.o [1]
  .bss               zero     0x20001aa2      0x1  J1939.o [1]
  .bss               zero     0x20001aa3      0x1  J1939.o [1]
  .bss               zero     0x20001aa4      0x1  J1939.o [1]
  .bss               zero     0x20001aa5      0x1  J1939.o [1]
  .bss               zero     0x20001aa6      0x1  J1939.o [1]
  .bss               zero     0x20001aa7      0x1  J1939.o [1]
  .bss               zero     0x20001aa8      0x1  J1939.o [1]
  .bss               zero     0x20001aa9      0x1  J1939.o [1]
  .bss               zero     0x20001aaa      0x1  J1939.o [1]
  .bss               zero     0x20001aab      0x1  J1939.o [1]
  .bss               zero     0x20001aac      0x1  J1939.o [1]
  .bss               zero     0x20001aad      0x1  J1939.o [1]
  .bss               zero     0x20001aae      0x1  J1939.o [1]
  .bss               zero     0x20001aaf      0x1  J1939.o [1]
  .bss               zero     0x20001ab0      0x1  J1939.o [1]
  .bss               zero     0x20001ab1      0x1  J1939.o [1]
  .bss               zero     0x20001ab2      0x1  J1939.o [1]
  .bss               zero     0x20001ab3      0x1  J1939.o [1]
  .bss               zero     0x20001ab4      0x1  J1939.o [1]
  .bss               zero     0x20001ab5      0x1  J1939.o [1]
  .bss               zero     0x20001ab6      0x1  J1939.o [1]
  .bss               zero     0x20001ab7      0x1  J1939.o [1]
  .bss               zero     0x20001ab8      0x1  J1939.o [1]
  .bss               zero     0x20001ab9      0x1  J1939.o [1]
  .bss               zero     0x20001aba      0x1  J1939.o [1]
  .bss               zero     0x20001abb      0x1  J1939.o [1]
  .bss               zero     0x20001abc      0x1  J1939.o [1]
  .bss               zero     0x20001abd      0x1  J1939.o [1]
  .bss               zero     0x20001abe      0x1  J1939.o [1]
  .bss               zero     0x20001abf      0x1  J1939.o [1]
  .bss               zero     0x20001ac0      0x1  J1939.o [1]
  .bss               zero     0x20001ac1      0x1  J1939.o [1]
  .bss               zero     0x20001ac2      0x1  J1939.o [1]
  .bss               zero     0x20001ac3      0x1  J1939.o [1]
  .bss               zero     0x20001ac4      0x1  J1939.o [1]
  .bss               zero     0x20001ac5      0x1  J1939.o [1]
  .bss               zero     0x20001ac6      0x1  J1939.o [1]
  .bss               zero     0x20001ac7      0x1  J1939.o [1]
  .bss               zero     0x20001ac8      0x1  J1939.o [1]
  .bss               zero     0x20001ac9      0x1  J1939.o [1]
  .bss               zero     0x20001aca      0x1  J1939.o [1]
  .bss               zero     0x20001acb      0x1  J1939.o [1]
  .bss               zero     0x20001acc      0x1  J1939.o [1]
  .bss               zero     0x20001acd      0x1  J1939.o [1]
  .bss               zero     0x20001ace      0x1  J1939.o [1]
  .bss               zero     0x20001acf      0x1  J1939.o [1]
  .bss               zero     0x20001ad0      0x1  J1939.o [1]
  .bss               zero     0x20001ad1      0x1  J1939.o [1]
  .bss               zero     0x20001ad2      0x1  J1939.o [1]
  .bss               zero     0x20001ad3      0x1  J1939.o [1]
  .bss               zero     0x20001ad4      0x1  J1939.o [1]
  .bss               zero     0x20001ad5      0x1  J1939.o [1]
  .bss               zero     0x20001ad6      0x1  J1939.o [1]
  .bss               zero     0x20001ad7      0x1  J1939.o [1]
  .bss               zero     0x20001ad8      0x1  J1939.o [1]
  .bss               zero     0x20001ad9      0x1  J1939.o [1]
  .bss               zero     0x20001ada      0x1  J1939.o [1]
  .bss               zero     0x20001adb      0x1  J1939.o [1]
  .bss               zero     0x20001adc      0x1  J1939.o [1]
  .bss               zero     0x20001add      0x1  J1939.o [1]
  .bss               zero     0x20001ade      0x1  J1939.o [1]
  .bss               zero     0x20001adf      0x1  J1939.o [1]
  .bss               zero     0x20001ae0      0x1  J1939.o [1]
  .bss               zero     0x20001ae1      0x1  J1939.o [1]
  .bss               zero     0x20001ae2      0x1  J1939.o [1]
  .bss               zero     0x20001ae3      0x1  J1939.o [1]
  .bss               zero     0x20001ae4      0x1  J1939.o [1]
  .bss               zero     0x20001ae5      0x1  J1939.o [1]
  .bss               zero     0x20001ae6      0x1  J1939.o [1]
  .bss               zero     0x20001ae7      0x1  J1939.o [1]
  .bss               zero     0x20001ae8      0x1  J1939.o [1]
  .bss               zero     0x20001ae9      0x1  J1939.o [1]
  .bss               zero     0x20001aea      0x1  J1939.o [1]
  .bss               zero     0x20001aeb      0x1  J1939.o [1]
  .bss               zero     0x20001aec      0x1  J1939.o [1]
  .bss               zero     0x20001aed      0x1  J1939.o [1]
  .bss               zero     0x20001aee      0x1  J1939.o [1]
  .bss               zero     0x20001aef      0x1  J1939.o [1]
  .bss               zero     0x20001af0      0x1  J1939.o [1]
  .bss               zero     0x20001af1      0x1  J1939.o [1]
  .bss               zero     0x20001af2      0x1  J1939.o [1]
  .bss               zero     0x20001af3      0x1  J1939.o [1]
  .bss               zero     0x20001af4      0x1  J1939.o [1]
  .bss               zero     0x20001af5      0x1  J1939.o [1]
  .bss               zero     0x20001af6      0x1  J1939.o [1]
  .bss               zero     0x20001af7      0x1  J1939.o [1]
  .bss               zero     0x20001af8      0x1  J1939.o [1]
  .bss               zero     0x20001af9      0x1  J1939.o [1]
  .bss               zero     0x20001afa      0x1  J1939.o [1]
  .bss               zero     0x20001afb      0x1  J1939.o [1]
  .bss               zero     0x20001afc      0x1  J1939.o [1]
  .bss               zero     0x20001afd      0x1  J1939.o [1]
  .bss               zero     0x20001afe      0x1  J1939.o [1]
  .bss               zero     0x20001aff      0x1  J1939.o [1]
  .bss               zero     0x20001b00      0x1  J1939.o [1]
  .bss               zero     0x20001b01      0x1  J1939.o [1]
  .bss               zero     0x20001b02      0x1  J1939.o [1]
  .bss               zero     0x20001b03      0x1  J1939.o [1]
  .bss               zero     0x20001b04      0x1  J1939.o [1]
  .bss               zero     0x20001b05      0x1  J1939.o [1]
  .bss               zero     0x20001b06      0x1  J1939.o [1]
  .bss               zero     0x20001b07      0x1  J1939.o [1]
  .bss               zero     0x20001b08      0x1  J1939.o [1]
  .bss               zero     0x20001b09      0x1  J1939.o [1]
  .bss               zero     0x20001b0a      0x1  J1939.o [1]
  .bss               zero     0x20001b0b      0x1  J1939.o [1]
  .bss               zero     0x20001b0c      0x1  J1939.o [1]
  .bss               zero     0x20001b0d      0x1  J1939.o [1]
  .bss               zero     0x20001b0e      0x1  J1939.o [1]
  .bss               zero     0x20001b0f      0x1  J1939.o [1]
  .bss               zero     0x20001b10      0x1  J1939.o [1]
  .bss               zero     0x20001b11      0x1  J1939.o [1]
  .bss               zero     0x20001b12      0x1  J1939.o [1]
  .bss               zero     0x20001b13      0x1  J1939.o [1]
  .bss               zero     0x20001b14      0x1  J1939.o [1]
  .bss               zero     0x20001b15      0x1  J1939.o [1]
  .bss               zero     0x20001b16      0x1  J1939.o [1]
  .bss               zero     0x20001b17      0x1  J1939.o [1]
  .bss               zero     0x20001b18      0x1  J1939.o [1]
  .bss               zero     0x20001b19      0x1  J1939.o [1]
  .bss               zero     0x20001b1a      0x1  J1939.o [1]
  .bss               zero     0x20001b1b      0x1  J1939.o [1]
  .bss               zero     0x20001b1c      0x1  J1939.o [1]
  .bss               zero     0x20001b1d      0x1  J1939.o [1]
  .bss               zero     0x20001b1e      0x1  J1939.o [1]
  .bss               zero     0x20001b1f      0x1  J1939.o [1]
  .bss               zero     0x20001b20      0x1  J1939.o [1]
  .bss               zero     0x20001b21      0x1  J1939.o [1]
  .bss               zero     0x20001b22      0x1  J1939.o [1]
  .bss               zero     0x20001b23      0x1  J1939.o [1]
  .bss               zero     0x20001b24      0x1  J1939.o [1]
  .bss               zero     0x20001b25      0x1  J1939.o [1]
  .bss               zero     0x20001b26      0x1  J1939.o [1]
  .bss               zero     0x20001b27      0x1  J1939.o [1]
  .bss               zero     0x20001b28      0x1  J1939.o [1]
  .bss               zero     0x20001b29      0x1  J1939.o [1]
  .bss               zero     0x20001b2a      0x1  J1939.o [1]
  .bss               zero     0x20001b2b      0x1  J1939.o [1]
  .bss               zero     0x20001b2c      0x1  J1939.o [1]
  .bss               zero     0x20001b2d      0x1  J1939.o [1]
  .bss               zero     0x20001b2e      0x1  J1939.o [1]
  .bss               zero     0x20001b2f      0x1  J1939.o [1]
  .bss               zero     0x20001b30      0x1  J1939.o [1]
  .bss               zero     0x20001b31      0x1  J1939.o [1]
  .bss               zero     0x20001b32      0x1  J1939.o [1]
  .bss               zero     0x20001b33      0x1  J1939.o [1]
  .bss               zero     0x20001b34      0x1  J1939.o [1]
  .bss               zero     0x20001b35      0x1  J1939.o [1]
  .bss               zero     0x20001b36      0x1  J1939.o [1]
  .bss               zero     0x20001b37      0x1  J1939.o [1]
  .bss               zero     0x20001b38      0x1  J1939.o [1]
  .bss               zero     0x20001b39      0x1  J1939.o [1]
  .bss               zero     0x20001b3a      0x1  J1939.o [1]
  .bss               zero     0x20001b3b      0x1  J1939.o [1]
  .bss               zero     0x20001b3c      0x1  J1939.o [1]
  .bss               zero     0x20001b3d      0x1  J1939.o [1]
  .bss               zero     0x20001b3e      0x1  J1939.o [1]
  .bss               zero     0x20001b3f      0x1  J1939.o [1]
  .bss               zero     0x20001b40      0x1  J1939.o [1]
  .bss               zero     0x20001b41      0x1  J1939.o [1]
  .bss               zero     0x20001b42      0x1  J1939.o [1]
  .bss               zero     0x20001b43      0x1  J1939.o [1]
  .bss               zero     0x20001b44      0x1  J1939.o [1]
  .bss               zero     0x20001b45      0x1  J1939.o [1]
  .bss               zero     0x20001b46      0x1  J1939.o [1]
  .bss               zero     0x20001b47      0x1  J1939.o [1]
  .bss               zero     0x20001b48      0x1  J1939.o [1]
  .bss               zero     0x20001b49      0x1  J1939.o [1]
  .bss               zero     0x20001b4a      0x1  J1939.o [1]
  .bss               zero     0x20001b4b      0x1  J1939.o [1]
  .bss               zero     0x20001b4c      0x1  J1939.o [1]
  .bss               zero     0x20001b4d      0x1  J1939.o [1]
  .bss               zero     0x20001b4e      0x1  J1939.o [1]
  .bss               zero     0x20001b4f      0x1  J1939.o [1]
  .bss               zero     0x20001b50      0x1  J1939.o [1]
  .bss               zero     0x20001b51      0x1  J1939.o [1]
  .bss               zero     0x20001b52      0x1  main.o [1]
  .bss               zero     0x20001b53      0x1  main.o [1]
  .bss               zero     0x20001b54      0x1  main.o [1]
  .bss               zero     0x20001b55      0x1  main.o [1]
  .bss               zero     0x20001b56      0x1  main.o [1]
  .bss               zero     0x20001b57      0x1  usart.o [1]
  .bss               zero     0x20001b58      0x1  Yvc1_HAL.o [1]
  .bss               zero     0x20001b59      0x1  Yvc1_HAL.o [1]
  .bss               zero     0x20001b5a      0x1  Yvc1_HAL.o [1]
  .bss               zero     0x20001b5b      0x1  Yvc1_HAL.o [1]
  .bss               zero     0x20001b5c      0x1  Yvc1_HAL.o [1]
  .bss               zero     0x20001b5d      0x1  Yvc1_HAL.o [1]
  .bss               zero     0x20001b5e      0x1  Yvc1_HAL.o [1]
  .bss               zero     0x20001b5f      0x1  Yvc1_HAL.o [1]
  .bss               zero     0x20001b60      0x1  Yvc1_HAL.o [1]
  .bss               zero     0x20001b61      0x1  Yvc1_HAL.o [1]
  .bss               zero     0x20001b62      0x1  Yvc1_HAL.o [1]
  .bss               zero     0x20001b63      0x1  Yvc1_HAL.o [1]
  .bss               zero     0x20001b64      0x1  Yvc1_HAL.o [1]
  .bss               zero     0x20001b65      0x1  Yvc1_HAL.o [1]
  .bss               zero     0x20001b66      0x1  Yvc1_HAL.o [1]
  .bss               zero     0x20001b67      0x1  Yvc1_HAL.o [1]
  .bss               zero     0x20001b68      0x1  Yvc1_HAL.o [1]
  .bss               zero     0x20001b69      0x1  Yvc1_HAL.o [1]
  .bss               zero     0x20001b6a      0x1  Yvc1_HAL.o [1]
  .bss               zero     0x20001b6b      0x1  Yvc1_HAL.o [1]
  .bss               zero     0x20001b6c      0x1  Yvc1_HAL.o [1]
  .bss               zero     0x20001b6d      0x1  Yvc1_HAL.o [1]
  .bss               zero     0x20001b6e      0x1  Yvc1_HAL.o [1]
  .bss               zero     0x20001b6f      0x1  Yvc1_HAL.o [1]
  .bss               zero     0x20001b70      0x1  Yvc1_HAL.o [1]
  .bss               zero     0x20001b71      0x1  Yvc1_HAL.o [1]
  .bss               zero     0x20001b72      0x1  Yvc1_HAL.o [1]
  .bss               zero     0x20001b73      0x1  Yvc1_HAL.o [1]
  .bss               zero     0x20001b74      0x1  Yvc1_HAL.o [1]
  .bss               zero     0x20001b75      0x1  Yvc1_HAL.o [1]
  .bss               zero     0x20001b76      0x1  Yvc1_HAL.o [1]
  .bss               zero     0x20001b77      0x1  Yvc1_HAL.o [1]
  .bss               zero     0x20001b78      0x1  Yvc1_HAL.o [1]
  .bss               zero     0x20001b79      0x1  Yvc1_HAL.o [1]
  .bss               zero     0x20001b7a      0x1  Yvc1_HAL.o [1]
  .bss               zero     0x20001b7b      0x1  Yvc1_HAL.o [1]
                            - 0x20001b7c   0x15c0

"P2", part 3 of 3:                          0x400
  CSTACK                      0x20001b80    0x400  <Block>
    CSTACK           uninit   0x20001b80    0x400  <Block tail>
                            - 0x20001f80    0x400


*******************************************************************************
*** INIT TABLE
***

          Address     Size
          -------     ----
Zero (__iar_zero_init3)
    1 destination range, total size 0x15c0:
          0x200005bc  0x15c0

Copy/lz77 (__iar_lz77_init_single3)
    1 source range, total size 0x1f1 (33% of destination):
          0x0801bac8   0x1f1
    1 destination range, total size 0x5bc:
          0x20000000   0x5bc



*******************************************************************************
*** MODULE SUMMARY
***

    Module                  ro code  ro data  rw data
    ------                  -------  -------  -------
C:\TSEVEENEE\4combine\combine\20250605\EWARM\Combine\Obj: [1]
    AT93C56.o                   708
    J1939.o                  12 396               778
    RPM.o                       388                26
    Yvc1Ddrv.o                2 076       26
    Yvc1Fontctrl.o            1 038
    Yvc1Lyr.o                 1 116        6
    Yvc1Pmem.o                  598       27       80
    Yvc1Vin.o                   108        1
    Yvc1_HAL.o               44 704      784    2 463
    adc.o                       768             2 203
    can.o                     1 616               970
    dwt_stm32_delay.o           112                 1
    i2c.o                       168                84
    input.o                     534       23      108
    layoutData.o                      18 036
    main.o                      358                17
    output.o                    644                 4
    pcode.o                            2 864
    sound.o                   1 092                60
    spi.o                       240                88
    startup_stm32f407xx.o       708
    stm32f4xx_hal.o             216        1        9
    stm32f4xx_hal_adc.o       1 416
    stm32f4xx_hal_can.o       1 716
    stm32f4xx_hal_cortex.o      340
    stm32f4xx_hal_dma.o       1 300        8
    stm32f4xx_hal_gpio.o        640
    stm32f4xx_hal_i2c.o         496
    stm32f4xx_hal_rcc.o       1 596
    stm32f4xx_hal_spi.o       2 016
    stm32f4xx_hal_tim.o       1 964
    stm32f4xx_hal_tim_ex.o      258
    stm32f4xx_hal_uart.o      1 702
    system.o                    416
    system_stm32f4xx.o           32       25        4
    timer.o                     444        8       72
    tw9990.o                    292
    usart.o                     212                69
    watchdog.o                  292
    -------------------------------------------------
    Total:                   84 720   21 809    7 036

command line: [2]
    -------------------------------------------------
    Total:

dl7M_tlf.a: [3]
    exit.o                        4
    low_level_init.o              4
    -------------------------------------------------
    Total:                        8

m7M_tls.a: [4]
    DblAdd.o                    376
    DblCmpEq.o                   32
    DblCmpGe.o                   46
    DblCmpLe.o                   46
    DblDiv.o                    582
    DblMul.o                    418
    DblSub.o                    226
    DblToFlt.o                  104
    DblToS32.o                   58
    FltToDbl.o                   72
    S32ToDbl.o                   34
    fpinit_M.o                   34
    frexp.o                     112
    iar_Exp64.o               1 048
    ldexp.o                     314
    math_wrappers64.o            22
    pow64.o                   2 856
    -------------------------------------------------
    Total:                    6 380

rt7M_tl.a: [5]
    ABImemclr4.o                  6
    ABImemcpy.o                 134
    ABImemset.o                 102
    ABImemset48.o                50
    I64DivMod.o                 238
    I64DivZer.o                   2
    cexit.o                      10
    cmain.o                      26
    cstartup_M.o                 12
    data_init.o                  40
    lz77_init_single.o          122
    strlen.o                     54
    zero_init3.o                 64
    -------------------------------------------------
    Total:                      860

shb_l.a: [6]
    exit.o                       20
    -------------------------------------------------
    Total:                       20

    Gaps                         15        4
    Linker created                        33    1 024
-----------------------------------------------------
    Grand Total:             92 003   21 846    8 060


*******************************************************************************
*** ENTRY LIST
***

Entry                      Address    Size  Type      Object
-----                      -------    ----  ----      ------
.iar.init_table$$Base   0x0801b518           --   Gb  - Linker created -
.iar.init_table$$Limit  0x0801b538           --   Gb  - Linker created -
?main                   0x0801b559          Code  Gb  cmain.o [5]
ADC_DMAConvCplt         0x080144b5    0x76  Code  Lc  stm32f4xx_hal_adc.o [1]
ADC_DMAError            0x08014539    0x16  Code  Lc  stm32f4xx_hal_adc.o [1]
ADC_DMAHalfConvCplt     0x0801452d     0xa  Code  Lc  stm32f4xx_hal_adc.o [1]
ADC_Init                0x08014333   0x15a  Code  Lc  stm32f4xx_hal_adc.o [1]
AG_auger_potentiometer_value
                        0x200018e4     0x2  Data  Gb  can.o [1]
AHBPrescTable           0x0801b8fc    0x10  Data  Gb  system_stm32f4xx.o [1]
APBPrescTable           0x0801b97c     0x8  Data  Gb  system_stm32f4xx.o [1]
Angle_Object_prev       0x20001a0a     0x2  Data  Lc  Yvc1_HAL.o [1]
BTN_PAGE_GT             0x08019910   0x234  Data  Gb  layoutData.o [1]
BusFault_Handler        0x080116fb     0x2  Code  Gb  system.o [1]
CAN1_RX0_IRQHandler     0x08011fcb     0xa  Code  Gb  can.o [1]
CAN2_RX0_IRQHandler     0x08011fd5     0xa  Code  Gb  can.o [1]
CC_PITCH_CYLINDER_LEVEL
                        0x0801b90c    0x10  Data  Gb  Yvc1_HAL.o [1]
CC_lift_sensor_val      0x200018e0     0x2  Data  Gb  can.o [1]
CC_pitching_cylinder_val
                        0x200018dc     0x2  Data  Gb  can.o [1]
CC_pitching_cylinder_val_level
                        0x20001b72     0x1  Data  Lc  Yvc1_HAL.o [1]
CC_pitching_cylinder_val_prev
                        0x20001a14     0x2  Data  Lc  Yvc1_HAL.o [1]
CC_power_clutch_sensor  0x200018de     0x2  Data  Gb  can.o [1]
CC_vehicle_speed_val    0x200018e2     0x2  Data  Gb  can.o [1]
CSTACK$$Base            0x20001b80           --   Gb  - Linker created -
CSTACK$$Limit           0x20001f80           --   Gb  - Linker created -
ConvFCode               0x0800d191    0x90  Code  Lc  Yvc1Fontctrl.o [1]
ConvFCodeString_utf8    0x0800d221   0x29a  Code  Gb  Yvc1Fontctrl.o [1]
DCU_DTC_counter         0x20001a84     0x1  Data  Gb  J1939.o [1]
DCU_DTC_counter_received
                        0x20001a85     0x1  Data  Gb  J1939.o [1]
DCU_DTC_current         0x20001a86     0x1  Data  Gb  J1939.o [1]
DCU_FMI                 0x200016a8    0x14  Data  Gb  J1939.o [1]
DCU_Occurrence_count    0x200016bc    0x14  Data  Gb  J1939.o [1]
DCU_SPN                 0x200013f8    0x50  Data  Gb  J1939.o [1]
DCU_SPN_Conversion_method
                        0x200016d0    0x14  Data  Gb  J1939.o [1]
DCU_error_flag          0x20001a87     0x1  Data  Gb  J1939.o [1]
DMA2_Stream0_IRQHandler
                        0x0800dc97    0x10  Code  Gb  adc.o [1]
DMA_CalcBaseAndBitshift
                        0x0801499f    0x30  Code  Lc  stm32f4xx_hal_dma.o [1]
DMA_CalcBaseAndBitshift::flagBitshiftOffset
                        0x0801b974     0x8  Data  Lc  stm32f4xx_hal_dma.o [1]
DMA_CheckFifoParam      0x080149dd    0x88  Code  Lc  stm32f4xx_hal_dma.o [1]
DMA_SetConfig           0x08014971    0x2e  Code  Lc  stm32f4xx_hal_dma.o [1]
DWT_Delay_Init          0x080114d5    0x70  Code  Gb  dwt_stm32_delay.o [1]
DWT_Delay_Init_flag     0x20001a79     0x1  Data  Gb  dwt_stm32_delay.o [1]
DWT_Delay_us            0x0800b029    0x20  Code  Lc  AT93C56.o [1]
Data1_value_FC          0x0801b59c    0x18  Data  Gb  layoutData.o [1]
Data2_value_FC          0x0801b5b4    0x18  Data  Gb  layoutData.o [1]
Data3_value_FC          0x0801b5cc    0x18  Data  Gb  layoutData.o [1]
Data4_value_FC          0x0801b5e4    0x18  Data  Gb  layoutData.o [1]
DebugMon_Handler        0x08011701     0x2  Code  Gb  system.o [1]
DrawWarningCombineCheck
                        0x08003615   0x56c  Code  Gb  Yvc1_HAL.o [1]
DrawWarningCombineCheckMessage
                        0x08001e81  0x1728  Code  Gb  Yvc1_HAL.o [1]
ECU_DTC_counter         0x20001a7d     0x1  Data  Gb  J1939.o [1]
ECU_DTC_counter_received
                        0x20001a7e     0x1  Data  Gb  J1939.o [1]
ECU_DTC_current         0x20001a7f     0x1  Data  Gb  J1939.o [1]
ECU_FMI                 0x2000166c    0x14  Data  Gb  J1939.o [1]
ECU_Occurrence_count    0x20001680    0x14  Data  Gb  J1939.o [1]
ECU_SPN                 0x200013a8    0x50  Data  Gb  J1939.o [1]
ECU_SPN_Conversion_method
                        0x20001694    0x14  Data  Gb  J1939.o [1]
ECU_error_flag          0x20001a80     0x1  Data  Gb  J1939.o [1]
ET1_message_flag        0x20001abb     0x1  Data  Gb  J1939.o [1]
EXTI15_10_IRQHandler    0x08011711    0x14  Code  Gb  system.o [1]
EXTI9_5_IRQHandler      0x0800bdf9     0xa  Code  Gb  input.o [1]
Error_Handler           0x0800b99b     0x4  Code  Gb  main.o [1]
Error_message_1_FC      0x0801b614    0x18  Data  Gb  layoutData.o [1]
FUEL_ADC_PERCENTAGES    0x0801a9f8    0x80  Data  Gb  Yvc1_HAL.o [1]
FUEL_ADC_PERCENTAGES_NEXT
                        0x0801aa78    0x80  Data  Gb  Yvc1_HAL.o [1]
GetFSize                0x0800d123    0x2a  Code  Lc  Yvc1Fontctrl.o [1]
GetFontTypeAttr         0x0800d14d    0x12  Code  Lc  Yvc1Fontctrl.o [1]
GetXsXe                 0x0800d15f    0x32  Code  Lc  Yvc1Fontctrl.o [1]
HAL_ADC_ConfigChannel   0x080141b5   0x17e  Code  Gb  stm32f4xx_hal_adc.o [1]
HAL_ADC_Init            0x08013fcd    0x64  Code  Gb  stm32f4xx_hal_adc.o [1]
HAL_ADC_MspInit         0x0800dbcb    0x9c  Code  Gb  adc.o [1]
HAL_ADC_Start_DMA       0x08014031   0x184  Code  Gb  stm32f4xx_hal_adc.o [1]
HAL_CAN_ActivateNotification
                        0x08015ce3    0x2a  Code  Gb  stm32f4xx_hal_can.o [1]
HAL_CAN_ConfigFilter    0x08015a0d   0x122  Code  Gb  stm32f4xx_hal_can.o [1]
HAL_CAN_GetRxMessage    0x08015b91   0x152  Code  Gb  stm32f4xx_hal_can.o [1]
HAL_CAN_IRQHandler      0x08015d0d   0x230  Code  Gb  stm32f4xx_hal_can.o [1]
HAL_CAN_Init            0x080158a1   0x16c  Code  Gb  stm32f4xx_hal_can.o [1]
HAL_CAN_MspInit         0x08011ea9   0x10e  Code  Gb  can.o [1]
HAL_CAN_RxFifo0MsgPendingCallback
                        0x08011d39    0x5e  Code  Gb  can.o [1]
HAL_CAN_Start           0x08015b2f    0x5c  Code  Gb  stm32f4xx_hal_can.o [1]
HAL_DMA_Abort           0x080146a5    0x9c  Code  Gb  stm32f4xx_hal_dma.o [1]
HAL_DMA_Abort_IT        0x08014741    0x26  Code  Gb  stm32f4xx_hal_dma.o [1]
HAL_DMA_IRQHandler      0x08014767   0x20a  Code  Gb  stm32f4xx_hal_dma.o [1]
HAL_DMA_Init            0x08014551    0xe0  Code  Gb  stm32f4xx_hal_dma.o [1]
HAL_DMA_Start_IT        0x08014631    0x74  Code  Gb  stm32f4xx_hal_dma.o [1]
HAL_Delay               0x08012015    0x28  Code  Wk  stm32f4xx_hal.o [1]
HAL_GPIO_EXTI_Callback  0x08010e81    0x12  Code  Gb  RPM.o [1]
HAL_GPIO_EXTI_IRQHandler
                        0x0800b7e1    0x1a  Code  Gb  stm32f4xx_hal_gpio.o [1]
HAL_GPIO_Init           0x0800b5b9   0x1ee  Code  Gb  stm32f4xx_hal_gpio.o [1]
HAL_GPIO_ReadPin        0x0800b7a7    0x12  Code  Gb  stm32f4xx_hal_gpio.o [1]
HAL_GPIO_TogglePin      0x0800b7cd    0x14  Code  Gb  stm32f4xx_hal_gpio.o [1]
HAL_GPIO_WritePin       0x0800b7b9    0x14  Code  Gb  stm32f4xx_hal_gpio.o [1]
HAL_GetTick             0x08014a99     0xc  Code  Wk  stm32f4xx_hal.o [1]
HAL_I2C_Init            0x080156b1   0x1d8  Code  Gb  stm32f4xx_hal_i2c.o [1]
HAL_I2C_MspInit         0x08011967    0x4a  Code  Gb  i2c.o [1]
HAL_IncTick             0x08014ff9    0x18  Code  Wk  stm32f4xx_hal.o [1]
HAL_Init                0x08011545    0x3a  Code  Gb  stm32f4xx_hal.o [1]
HAL_InitTick            0x08014aa5    0x4c  Code  Wk  stm32f4xx_hal.o [1]
HAL_MspInit             0x08011651    0x96  Code  Gb  system.o [1]
HAL_NVIC_EnableIRQ      0x08011255     0xa  Code  Gb  stm32f4xx_hal_cortex.o [1]
HAL_NVIC_SetPriority    0x08011233    0x22  Code  Gb  stm32f4xx_hal_cortex.o [1]
HAL_NVIC_SetPriorityGrouping
                        0x0801122b     0x8  Code  Gb  stm32f4xx_hal_cortex.o [1]
HAL_RCC_CAN1_CLK_ENABLED
                        0x20001838     0x4  Data  Lc  can.o [1]
HAL_RCC_ClockConfig     0x080112b1   0x14c  Code  Gb  stm32f4xx_hal_rcc.o [1]
HAL_RCC_GetHCLKFreq     0x080113fd     0x6  Code  Gb  stm32f4xx_hal_rcc.o [1]
[...]
nvAxelAppSensor2PositionMax
                        0x20001a4a     0x2  Data  Gb  Yvc1_HAL.o [1]
nvAxelAppSensor2PositionMin
                        0x20001a4c     0x2  Data  Gb  Yvc1_HAL.o [1]
nvAxelAppSensorTotalError
                        0x20001a42     0x2  Data  Gb  Yvc1_HAL.o [1]
nvAxelAugerAutoDelay    0x20001a34     0x2  Data  Gb  Yvc1_HAL.o [1]
nvAxelAugerDelay        0x20001a32     0x2  Data  Gb  Yvc1_HAL.o [1]
nvAxelAugerKuTime       0x20001a3a     0x2  Data  Gb  Yvc1_HAL.o [1]
nvAxelCSpeedKuTime      0x20001a3c     0x2  Data  Gb  Yvc1_HAL.o [1]
nvAxelDelayMode         0x20001a44     0x2  Data  Gb  Yvc1_HAL.o [1]
nvAxelKeepTimeMode      0x20001a40     0x2  Data  Gb  Yvc1_HAL.o [1]
nvAxelTbsKuTime         0x20001a38     0x2  Data  Gb  Yvc1_HAL.o [1]
nvAxelThreshingDelay    0x20001a30     0x2  Data  Gb  Yvc1_HAL.o [1]
nvAxelThreshingRpm      0x20001a3e     0x2  Data  Gb  Yvc1_HAL.o [1]
nvAxelYeacheKuTime      0x20001a36     0x2  Data  Gb  Yvc1_HAL.o [1]
nvEngineHourLsb         0x20001a1c     0x2  Data  Gb  Yvc1_HAL.o [1]
nvEngineHourMsb         0x20001a1a     0x2  Data  Gb  Yvc1_HAL.o [1]
nvEngineOilHourLsb      0x20001a20     0x2  Data  Gb  Yvc1_HAL.o [1]
nvEngineOilHourMsb      0x20001a1e     0x2  Data  Gb  Yvc1_HAL.o [1]
nvJobHourLsb            0x20001a18     0x2  Data  Gb  Yvc1_HAL.o [1]
nvJobHourMsb            0x20001a16     0x2  Data  Gb  Yvc1_HAL.o [1]
nvLcdBrigthnessDay      0x20001a2a     0x2  Data  Gb  Yvc1_HAL.o [1]
nvLcdBrigthnessNight    0x20001a2c     0x2  Data  Gb  Yvc1_HAL.o [1]
nvMissionOilHourLsb     0x20001a24     0x2  Data  Gb  Yvc1_HAL.o [1]
nvMissionOilHourMsb     0x20001a22     0x2  Data  Gb  Yvc1_HAL.o [1]
nvModelSelection        0x20001a2e     0x2  Data  Gb  Yvc1_HAL.o [1]
nvNumberOfEngineOilExchange
                        0x20001a26     0x2  Data  Gb  Yvc1_HAL.o [1]
nvNumberOfMissionOilExchange
                        0x20001a28     0x2  Data  Gb  Yvc1_HAL.o [1]
operation_control       0x20001b22     0x1  Data  Gb  J1939.o [1]
operator_inducement_active_for_SCR_system_failure
                        0x20001b50     0x1  Data  Gb  J1939.o [1]
other_engine_stop_operation
                        0x20001b1c     0x1  Data  Gb  J1939.o [1]
output_init             0x08010ed1   0x17c  Code  Gb  output.o [1]
page114_text_FC         0x0801b62c    0x18  Data  Gb  layoutData.o [1]
page115_text1_FC        0x0801b65c    0x18  Data  Gb  layoutData.o [1]
page115_text2_FC        0x0801b644    0x18  Data  Gb  layoutData.o [1]
pcode                   0x080175bc   0x598  Data  Gb  pcode.o [1]
pcode_fmi               0x08019fe8   0x120  Data  Gb  pcode.o [1]
pcode_spn               0x08017b54   0x478  Data  Gb  pcode.o [1]
pending_scr_inducement_severity
                        0x20001b4e     0x1  Data  Gb  J1939.o [1]
percent_load_at_current_speed
                        0x20001aa4     0x1  Data  Gb  J1939.o [1]
poll_93c56              0x0800b295    0x48  Code  Gb  AT93C56.o [1]
post_injection_amount   0x200019be     0x2  Data  Gb  J1939.o [1]
pow                     0x08012f75    0x14  Code  Gb  pow64.o [4]
power_down_enable       0x20001afd     0x1  Data  Gb  J1939.o [1]
power_supply_key_position
                        0x20001afa     0x1  Data  Gb  J1939.o [1]
powl                    0x08012f75    0x14  Code  Gb  pow64.o [4]
pre_injection_amount    0x200019b8     0x2  Data  Gb  J1939.o [1]
preheat_function_acknowledge
                        0x20001afc     0x1  Data  Gb  J1939.o [1]
pressure_line_heater_status
                        0x20001b4a     0x1  Data  Gb  J1939.o [1]
prevSound               0x2000170c    0x14  Data  Gb  sound.o [1]
prev_load_rate          0x20001b6d     0x1  Data  Lc  Yvc1_HAL.o [1]
previousPageState       0x20001b5c     0x1  Data  Gb  Yvc1_HAL.o [1]
protect_lamp_status     0x20001a88     0x1  Data  Gb  J1939.o [1]
protection_permission   0x20001b17     0x1  Data  Gb  J1939.o [1]
pullSound               0x0800d5ab    0x7a  Code  Gb  sound.o [1]
pushSound               0x0800d531    0x7a  Code  Gb  sound.o [1]
readPtnmemDataPort      0x08013e3d    0x28  Code  Lc  Yvc1Pmem.o [1]
readStatusRegCommand    0x08013d53    0x94  Code  Lc  Yvc1Pmem.o [1]
read_93c56              0x0800b23f    0x56  Code  Gb  AT93C56.o [1]
read_inputs             0x0800bc6b   0x176  Code  Gb  input.o [1]
read_tail_light         0x0800bc53    0x18  Code  Gb  input.o [1]
red_stop_lamp_status    0x20001a8a     0x1  Data  Gb  J1939.o [1]
reduction_agent_pump_motor_target_duty
                        0x200019c2     0x2  Data  Gb  J1939.o [1]
reduction_agent_reverting_valve_state
                        0x20001b3f     0x1  Data  Gb  J1939.o [1]
remaining_preheat_time  0x20001afe     0x1  Data  Gb  J1939.o [1]
remaining_restored_operation
                        0x20001b51     0x1  Data  Gb  J1939.o [1]
remote_accelerator      0x20001aa5     0x1  Data  Gb  J1939.o [1]
required_dpf_regeneration_status
                        0x20001b31     0x1  Data  Gb  J1939.o [1]
restored_operation_time_remaining
                        0x200019ec     0x2  Data  Gb  J1939.o [1]
reverse                 0x080005e3    0x1c  Code  Gb  Yvc1_HAL.o [1]
road_speed_limit_status
                        0x20001aa2     0x1  Data  Gb  J1939.o [1]
road_surface_temperature
                        0x20001930     0x2  Data  Gb  J1939.o [1]
row_selection           0x20001b60     0x1  Data  Gb  Yvc1_HAL.o [1]
rpm                     0x20001888     0x4  Data  Gb  RPM.o [1]
rpmCAN                  0x200019ee     0x2  Data  Gb  RPM.o [1]
rpmNew                  0x20001880     0x4  Data  Gb  RPM.o [1]
rpmOld                  0x20001884     0x4  Data  Gb  RPM.o [1]
rpmPrevious             0x2000188c     0x4  Data  Gb  RPM.o [1]
rpmTimerCaptured        0x20001878     0x4  Data  Gb  RPM.o [1]
rpmTimerCapturedCAN     0x2000187c     0x4  Data  Gb  RPM.o [1]
rpm_process             0x08010d4d   0x134  Code  Gb  RPM.o [1]
run_bootloader          0x080119c5     0x8  Code  Gb  can.o [1]
s_EXLY_LYBSELC_Chk      0x0800c991    0x1a  Code  Lc  Yvc1Lyr.o [1]
s_Exly_TblWrite         0x0800c949    0x48  Code  Lc  Yvc1Lyr.o [1]
s_FBWait                0x0800c5df    0x38  Code  Lc  Yvc1Ddrv.o [1]
s_GeneralTblInit        0x0800c665    0x98  Code  Lc  Yvc1Ddrv.o [1]
s_INIENDWaitPolling     0x0800c629    0x34  Code  Lc  Yvc1Ddrv.o [1]
s_LYBSELC_Chk           0x0800c93b     0xe  Code  Lc  Yvc1Lyr.o [1]
s_PtnMemReadAcs_Reg7_Data
                        0x0800c72b    0x3c  Code  Lc  Yvc1Ddrv.o [1]
s_TblWrite              0x0800c8f3    0x48  Code  Lc  Yvc1Lyr.o [1]
s_WriteRegPll           0x0800c6fd    0x2e  Code  Lc  Yvc1Ddrv.o [1]
safety_relay_operation  0x20001b10     0x1  Data  Gb  J1939.o [1]
savedSound              0x200016f8    0x14  Data  Gb  sound.o [1]
scalbln                 0x0801646d          Code  Gb  ldexp.o [4]
scalblnl                0x0801646d          Code  Gb  ldexp.o [4]
scalbn                  0x0801646d          Code  Gb  ldexp.o [4]
scalbnl                 0x0801646d          Code  Gb  ldexp.o [4]
scr_catalyst_average_temperature
                        0x200019e4     0x2  Data  Gb  J1939.o [1]
scr_catalyst_efficiency
                        0x200019d6     0x2  Data  Gb  J1939.o [1]
scr_catalyst_inlet_nox_concentration
                        0x200019c6     0x2  Data  Gb  J1939.o [1]
scr_catalyst_outlet_nox_concentration_after_compensation
                        0x200019d0     0x2  Data  Gb  J1939.o [1]
scr_catalyst_outlet_nox_concentration_model_value
                        0x200019d8     0x2  Data  Gb  J1939.o [1]
scr_catalyst_surface_temperature
                        0x20001996     0x2  Data  Gb  J1939.o [1]
scr_catalyst_temperature_at_engine_shutoff
                        0x200019e8     0x2  Data  Gb  J1939.o [1]
scr_catalyst_temperature_initial_valve
                        0x200019e6     0x2  Data  Gb  J1939.o [1]
scr_control_status      0x20001b34     0x1  Data  Gb  J1939.o [1]
scr_feed_back_control_compensation_factor
                        0x200019cc     0x2  Data  Gb  J1939.o [1]
scr_feedback_control_active_status
                        0x20001b41     0x1  Data  Gb  J1939.o [1]
send_cmd_93c56          0x0800b13f    0x34  Code  Gb  AT93C56.o [1]
sensor_ecu_supply_voltage_1
                        0x20001946     0x2  Data  Gb  J1939.o [1]
sensor_ecu_supply_voltage_2
                        0x20001948     0x2  Data  Gb  J1939.o [1]
sensor_ecu_supply_voltage_3
                        0x2000194a     0x2  Data  Gb  J1939.o [1]
sensor_ecu_supply_voltage_4
                        0x2000194c     0x2  Data  Gb  J1939.o [1]
sensor_process          0x08009849   0x160  Code  Gb  Yvc1_HAL.o [1]
sensor_process::prevTaillamp
                        0x200005bb     0x1  Data  Lc  Yvc1_HAL.o [1]
sensor_process::timerEngineOff
                        0x20001a5c     0x2  Data  Lc  Yvc1_HAL.o [1]
sensor_process::timerEngineOn
                        0x20001a5a     0x2  Data  Lc  Yvc1_HAL.o [1]
set_setting_sound       0x0800d701    0x52  Code  Gb  sound.o [1]
set_warning_sound       0x0800d753    0x4a  Code  Gb  sound.o [1]
settingsData            0x20000418   0x150  Data  Gb  Yvc1_HAL.o [1]
settings_pass           0x20001764     0xc  Data  Gb  Yvc1_HAL.o [1]
settings_time           0x20001820     0x8  Data  Gb  Yvc1_HAL.o [1]
setup_mode              0x20001b5d     0x1  Data  Gb  Yvc1_HAL.o [1]
setup_mode_address      0x200019f6     0x2  Data  Gb  Yvc1_HAL.o [1]
setup_mode_rw           0x20001b5f     0x1  Data  Gb  Yvc1_HAL.o [1]
setup_mode_type         0x20001b5e     0x1  Data  Gb  Yvc1_HAL.o [1]
shift_in_bit_93c56      0x0800b10f    0x30  Code  Gb  AT93C56.o [1]
shift_out_bit_93c56     0x0800b0d3    0x3c  Code  Gb  AT93C56.o [1]
shift_word_93c56        0x0800b173    0x24  Code  Gb  AT93C56.o [1]
shutdown_requests       0x20001af9     0x1  Data  Gb  J1939.o [1]
smoke_limit_injection_volume
                        0x200019b6     0x2  Data  Gb  J1939.o [1]
smoke_limit_injection_volume_lambda_minimum_value
                        0x20001b3c     0x1  Data  Gb  J1939.o [1]
sound                   0x200016e4    0x14  Data  Gb  sound.o [1]
sound_clear             0x0800d625    0xdc  Code  Gb  sound.o [1]
sound_process           0x0800d79d   0x1c8  Code  Gb  sound.o [1]
source_address_of_controlling_device_for_engine_control
                        0x20001aad     0x1  Data  Gb  J1939.o [1]
spi2_enable             0x0800b9c5    0x12  Code  Gb  spi.o [1]
spi_init                0x0800b9d7    0x5e  Code  Gb  spi.o [1]
startConversation       0x0800d9e1    0x42  Code  Gb  adc.o [1]
starter_over_time       0x20001b14     0x1  Data  Gb  J1939.o [1]
starter_protection      0x20001b0c     0x1  Data  Gb  J1939.o [1]
starter_protection_factor
                        0x20001970     0x2  Data  Gb  J1939.o [1]
stationary_regeneration_request_flag
                        0x20001b2e     0x1  Data  Gb  J1939.o [1]
strlen                  0x08013f95          Code  Gb  strlen.o [5]
suction_line_heater_status
                        0x20001b4c     0x1  Data  Gb  J1939.o [1]
supply_module_heater_status
                        0x20001b49     0x1  Data  Gb  J1939.o [1]
supply_module_temperature
                        0x200019e2     0x2  Data  Gb  J1939.o [1]
tAccelBuffer            0x20000f1c   0x190  Data  Gb  Yvc1_HAL.o [1]
tAccelBufferCounter     0x20001b78     0x1  Data  Gb  Yvc1_HAL.o [1]
tAccelTotal             0x200018c0     0x4  Data  Gb  Yvc1_HAL.o [1]
tEngineSpeed            0x200018a4     0x4  Data  Gb  Yvc1_HAL.o [1]
tFontData               0x0801281c    0x64  Data  Lc  layoutData.o [1]
tFuelGage               0x20001b58     0x1  Data  Gb  Yvc1_HAL.o [1]
tFuelPercent            0x20001b59     0x1  Data  Gb  Yvc1_HAL.o [1]
tFuelPercentBuffer      0x20001238    0x64  Data  Gb  Yvc1_HAL.o [1]
tFuelPercentBufferCounter
                        0x20001b77     0x1  Data  Gb  Yvc1_HAL.o [1]
tFuelPercentTotal       0x200018bc     0x4  Data  Gb  Yvc1_HAL.o [1]
tFuelVoltage            0x2000189c     0x4  Data  Gb  Yvc1_HAL.o [1]
tPowerVoltage           0x20001898     0x4  Data  Gb  Yvc1_HAL.o [1]
tTemperature            0x200018a0     0x4  Data  Gb  Yvc1_HAL.o [1]
tYgfntPData_0           0x0801a108   0x100  Data  Lc  layoutData.o [1]
tYgfntPData_1           0x0801a208   0x100  Data  Lc  layoutData.o [1]
tYgfntPData_2           0x0801a308   0x100  Data  Lc  layoutData.o [1]
tYgfntPData_3           0x0801a408   0x100  Data  Lc  layoutData.o [1]
tYgfntPData_4           0x0801a508   0x100  Data  Lc  layoutData.o [1]
tYgfntTbl_0             0x0801b94c     0x8  Data  Lc  layoutData.o [1]
tYgfntTbl_1             0x0801b954     0x8  Data  Lc  layoutData.o [1]
tYgfntTbl_2             0x0801b95c     0x8  Data  Lc  layoutData.o [1]
tYgfntTbl_3             0x0801b964     0x8  Data  Lc  layoutData.o [1]
tYgfntTbl_4             0x0801b96c     0x8  Data  Lc  layoutData.o [1]
tYvc1Data               0x0801afa0    0x34  Data  Lc  Yvc1_HAL.o [1]
target_after_injection_amount
                        0x2000199a     0x2  Data  Gb  J1939.o [1]
target_dpf_temperature  0x200019a4     0x2  Data  Gb  J1939.o [1]
target_dpf_temperature_outrlop
                        0x200019a0     0x2  Data  Gb  J1939.o [1]
target_engine_speed     0x200019a8     0x2  Data  Gb  J1939.o [1]
target_injection_amount
                        0x200019aa     0x2  Data  Gb  J1939.o [1]
target_intake_pressure  0x20001b3a     0x1  Data  Gb  J1939.o [1]
target_intake_throttle_rate
                        0x20001b3b     0x1  Data  Gb  J1939.o [1]
target_nox_final_valve  0x2000197c     0x2  Data  Gb  J1939.o [1]
target_post_injection_correction_amount
                        0x2000199c     0x2  Data  Gb  J1939.o [1]
throttle_position       0x20001abe     0x1  Data  Gb  J1939.o [1]
tim1_init               0x0800be83   0x102  Code  Gb  timer.o [1]
timeClockAction         0x20001a0e     0x2  Data  Lc  Yvc1_HAL.o [1]
timeECUError            0x20001a10     0x2  Data  Lc  Yvc1_HAL.o [1]
time_process            0x080099e9   0x1ca  Code  Gb  Yvc1_HAL.o [1]
time_remaining_at_present_inducement
                        0x200019ea     0x2  Data  Gb  J1939.o [1]
timerImageSwitchOne     0x20001a56     0x2  Data  Gb  Yvc1_HAL.o [1]
timerImageSwitchTwo     0x20001a58     0x2  Data  Gb  Yvc1_HAL.o [1]
timerKuRPMDelay         0x20001a68     0x2  Data  Gb  Yvc1_HAL.o [1]
timer_data_025          0x200018f8     0x2  Data  Gb  can.o [1]
timer_data_035          0x200018fa     0x2  Data  Gb  can.o [1]
timer_data_310          0x200018fc     0x2  Data  Gb  can.o [1]
timer_data_311          0x200018fe     0x2  Data  Gb  can.o [1]
timer_data_312          0x20001900     0x2  Data  Gb  can.o [1]
timer_data_317          0x20001902     0x2  Data  Gb  can.o [1]
timer_data_330          0x20001908     0x2  Data  Gb  can.o [1]
timer_data_331          0x2000190a     0x2  Data  Gb  can.o [1]
timer_data_332          0x2000190c     0x2  Data  Gb  can.o [1]
timer_data_340          0x20001904     0x2  Data  Gb  can.o [1]
timer_data_350          0x20001906     0x2  Data  Gb  can.o [1]
timer_data_360          0x2000190e     0x2  Data  Gb  can.o [1]
timer_data_381          0x20001912     0x2  Data  Gb  can.o [1]
timer_data_390          0x20001910     0x2  Data  Gb  can.o [1]
timer_init              0x0800bf85    0x16  Code  Gb  timer.o [1]
timer_operator_inducement_active_for_SCR_system_failure
                        0x20001a52     0x2  Data  Gb  Yvc1_HAL.o [1]
timer_pending_scr_inducement_severity
                        0x20001a54     0x2  Data  Gb  Yvc1_HAL.o [1]
timer_process           0x0800b8cf    0x98  Code  Gb  main.o [1]
timer_process::tm100ms  0x20001b56     0x1  Data  Lc  main.o [1]
timer_process::tm10ms   0x20001b55     0x1  Data  Lc  main.o [1]
timer_process::tm1ms    0x20001b53     0x1  Data  Lc  main.o [1]
timer_process::tm2ms    0x20001b54     0x1  Data  Lc  main.o [1]
totalAdcValue           0x200005bc   0x7d0  Data  Gb  adc.o [1]
total_engine_hours      0x20001850     0x4  Data  Gb  J1939.o [1]
total_engine_revolution
                        0x20001854     0x4  Data  Gb  J1939.o [1]
total_injection_amount  0x2000199e     0x2  Data  Gb  J1939.o [1]
total_trip_fuel         0x2000185c     0x4  Data  Gb  J1939.o [1]
transmitBegin           0x20001b52     0x1  Data  Gb  main.o [1]
trip_fuel               0x20001858     0x4  Data  Gb  J1939.o [1]
turbo_oil_temperature   0x2000192a     0x2  Data  Gb  J1939.o [1]
tw9990_init             0x08011725   0x11c  Code  Gb  tw9990.o [1]
u08PatternMemorySettings
                        0x20000568    0x50  Data  Gb  Yvc1Pmem.o [1]
under_ECU_initial_operation
                        0x20001b11     0x1  Data  Gb  J1939.o [1]
updateLastAverageADC    0x0800da3d    0xae  Code  Gb  adc.o [1]
update_bam_timer        0x0800e0c1    0x62  Code  Gb  J1939.o [1]
update_hours            0x080099a9    0x3a  Code  Gb  Yvc1_HAL.o [1]
update_pages_back       0x080008c9   0x694  Code  Gb  Yvc1_HAL.o [1]
update_timer            0x0800bf9b     0xa  Code  Gb  timer.o [1]
urea_heater_control_heater_status
                        0x20001b47     0x1  Data  Gb  J1939.o [1]
urea_tank_heating_valve_status
                        0x20001b48     0x1  Data  Gb  J1939.o [1]
usart_init              0x08011869    0x44  Code  Gb  usart.o [1]
user_delay              0x0800b981    0x1a  Code  Gb  main.o [1]
uwTick                  0x20001890     0x4  Data  Gb  stm32f4xx_hal.o [1]
uwTickFreq              0x200005b8     0x1  Data  Gb  stm32f4xx_hal.o [1]
uwTickPrio              0x20000044     0x4  Data  Gb  stm32f4xx_hal.o [1]
value_FC                0x0801b674    0x18  Data  Gb  layoutData.o [1]
vehicle_acceleration_rate_limit_status
                        0x20001aa7     0x1  Data  Gb  J1939.o [1]
waitClearFlag           0x08013cf3    0x26  Code  Lc  Yvc1Pmem.o [1]
warning_check_lamp_bam  0x20001a91     0x1  Data  Gb  J1939.o [1]
warning_flag_checker    0x08009c09   0x56a  Code  Gb  Yvc1_HAL.o [1]
warning_process         0x0800a1ed   0x57c  Code  Gb  Yvc1_HAL.o [1]
warning_process::timerBatteryOff
                        0x20001a64     0x2  Data  Lc  Yvc1_HAL.o [1]
warning_process::timerBatteryOn
                        0x20001a62     0x2  Data  Lc  Yvc1_HAL.o [1]
warning_process::timerFuelLow
                        0x20001a66     0x2  Data  Lc  Yvc1_HAL.o [1]
warning_process::timerToCheckWarning
                        0x20001a60     0x2  Data  Lc  Yvc1_HAL.o [1]
warning_process::timerWarningCharge
                        0x20001a5e     0x2  Data  Lc  Yvc1_HAL.o [1]
warnings                0x2000004c   0x3cc  Data  Gb  Yvc1_HAL.o [1]
watchdog_disable        0x0800bb8d     0xe  Code  Gb  watchdog.o [1]
watchdog_enable         0x0800bb71    0x1c  Code  Gb  watchdog.o [1]
watchdog_init           0x0800ba91    0xe0  Code  Gb  watchdog.o [1]
watchdog_trigger        0x0800bb9b     0xc  Code  Gb  watchdog.o [1]
writeEnableCommand      0x08013e65    0x4a  Code  Lc  Yvc1Pmem.o [1]
writePmaRegs            0x08013d25    0x2e  Code  Lc  Yvc1Pmem.o [1]
writePtnmemCtrlRegs     0x08013c9d    0x56  Code  Lc  Yvc1Pmem.o [1]
writeStatusRegCommand   0x08013de7    0x56  Code  Lc  Yvc1Pmem.o [1]
write_93c56             0x0800b1ff    0x40  Code  Gb  AT93C56.o [1]
write_disable_93c56     0x0800b1cb    0x34  Code  Gb  AT93C56.o [1]
write_enable_93c56      0x0800b197    0x34  Code  Gb  AT93C56.o [1]
write_outputs           0x0801104d    0xec  Code  Gb  output.o [1]
yec_status              0x20001b15     0x1  Data  Gb  J1939.o [1]
ygb643_tw9990_initialize
                        0x08000817    0x22  Code  Gb  Yvc1_HAL.o [1]
ygv643_init             0x0800ad25   0x12c  Code  Gb  Yvc1_HAL.o [1]
ygv643_initialize       0x0800070d   0x10a  Code  Gb  Yvc1_HAL.o [1]


[1] = C:\TSEVEENEE\4combine\combine\20250605\EWARM\Combine\Obj
[2] = command line
[3] = dl7M_tlf.a
[4] = m7M_tls.a
[5] = rt7M_tl.a
[6] = shb_l.a

  92 003 bytes of readonly  code memory
  21 846 bytes of readonly  data memory
   8 060 bytes of readwrite data memory

Errors: none
Warnings: none
